This is pdfTeX, Version 3.141592653-2.6-1.40.25 (TeX Live 2023/Debian) (preloaded format=pdflatex 2024.12.25)  22 JUN 2026 19:55
entering extended mode
 restricted \write18 enabled.
 %&-line parsing enabled.
**Tesis.tex
(./Tesis.tex
LaTeX2e <2023-11-01> patch level 1
L3 programming layer <2024-01-22>
(/usr/share/texlive/texmf-dist/tex/latex/base/report.cls
Document Class: report 2023/05/17 v1.4n Standard LaTeX document class
(/usr/share/texlive/texmf-dist/tex/latex/base/size12.clo
File: size12.clo 2023/05/17 v1.4n Standard LaTeX file (size option)
)
\c@part=\count187
\c@chapter=\count188
\c@section=\count189
\c@subsection=\count190
\c@subsubsection=\count191
\c@paragraph=\count192
\c@subparagraph=\count193
\c@figure=\count194
\c@table=\count195
\abovecaptionskip=\skip48
\belowcaptionskip=\skip49
\bibindent=\dimen140
)
(/usr/share/texlive/texmf-dist/tex/latex/amsmath/amsmath.sty
Package: amsmath 2023/05/13 v2.17o AMS math features
\@mathmargin=\skip50

For additional information on amsmath, use the `?' option.
(/usr/share/texlive/texmf-dist/tex/latex/amsmath/amstext.sty
Package: amstext 2021/08/26 v2.01 AMS text

(/usr/share/texlive/texmf-dist/tex/latex/amsmath/amsgen.sty
File: amsgen.sty 1999/11/30 v2.0 generic functions
\@emptytoks=\toks17
\ex@=\dimen141
))
(/usr/share/texlive/texmf-dist/tex/latex/amsmath/amsbsy.sty
Package: amsbsy 1999/11/29 v1.2d Bold Symbols
\pmbraise@=\dimen142
)
(/usr/share/texlive/texmf-dist/tex/latex/amsmath/amsopn.sty
Package: amsopn 2022/04/08 v2.04 operator names
)
\inf@bad=\count196
LaTeX Info: Redefining \frac on input line 234.
\uproot@=\count197
\leftroot@=\count198
LaTeX Info: Redefining \overline on input line 399.
LaTeX Info: Redefining \colon on input line 410.
\classnum@=\count199
\DOTSCASE@=\count266
LaTeX Info: Redefining \ldots on input line 496.
LaTeX Info: Redefining \dots on input line 499.
LaTeX Info: Redefining \cdots on input line 620.
\Mathstrutbox@=\box51
\strutbox@=\box52
LaTeX Info: Redefining \big on input line 722.
LaTeX Info: Redefining \Big on input line 723.
LaTeX Info: Redefining \bigg on input line 724.
LaTeX Info: Redefining \Bigg on input line 725.
\big@size=\dimen143
LaTeX Font Info:    Redeclaring font encoding OML on input line 743.
LaTeX Font Info:    Redeclaring font encoding OMS on input line 744.
\macc@depth=\count267
LaTeX Info: Redefining \bmod on input line 905.
LaTeX Info: Redefining \pmod on input line 910.
LaTeX Info: Redefining \smash on input line 940.
LaTeX Info: Redefining \relbar on input line 970.
LaTeX Info: Redefining \Relbar on input line 971.
\c@MaxMatrixCols=\count268
\dotsspace@=\muskip16
\c@parentequation=\count269
\dspbrk@lvl=\count270
\tag@help=\toks18
\row@=\count271
\column@=\count272
\maxfields@=\count273
\andhelp@=\toks19
\eqnshift@=\dimen144
\alignsep@=\dimen145
\tagshift@=\dimen146
\tagwidth@=\dimen147
\totwidth@=\dimen148
\lineht@=\dimen149
\@envbody=\toks20
\multlinegap=\skip51
\multlinetaggap=\skip52
\mathdisplay@stack=\toks21
LaTeX Info: Redefining \[ on input line 2953.
LaTeX Info: Redefining \] on input line 2954.
)
(/usr/share/texlive/texmf-dist/tex/latex/amsfonts/amssymb.sty
Package: amssymb 2013/01/14 v3.01 AMS font symbols

(/usr/share/texlive/texmf-dist/tex/latex/amsfonts/amsfonts.sty
Package: amsfonts 2013/01/14 v3.01 Basic AMSFonts support
\symAMSa=\mathgroup4
\symAMSb=\mathgroup5
LaTeX Font Info:    Redeclaring math symbol \hbar on input line 98.
LaTeX Font Info:    Overwriting math alphabet `\mathfrak' in version `bold'
(Font)                  U/euf/m/n --> U/euf/b/n on input line 106.
))
(/usr/share/texlive/texmf-dist/tex/generic/babel/babel.sty
Package: babel 2024/01/07 v24.1 The Babel package
\babel@savecnt=\count274
\U@D=\dimen150
\l@unhyphenated=\language89

(/usr/share/texlive/texmf-dist/tex/generic/babel/txtbabel.def)
\bbl@readstream=\read2
\bbl@dirlevel=\count275

(/usr/share/texlive/texmf-dist/tex/generic/babel-spanish/spanish.ldf
Language: spanish.ldf 2021/05/27 v5.0q Spanish support from the babel system
\es@quottoks=\toks22
\es@quotdepth=\count276
Package babel Info: Making " an active character on input line 570.
Package babel Info: Making . an active character on input line 675.
Package babel Info: Making < an active character on input line 722.
Package babel Info: Making > an active character on input line 722.
Package babel Info: Making ' an active character on input line 740.
))
(/usr/share/texlive/texmf-dist/tex/generic/babel/locale/es/babel-spanish.tex
Package babel Info: Importing font and identification data for spanish
(babel)             from babel-es.ini. Reported on input line 11.
)
(/usr/share/texlive/texmf-dist/tex/latex/csquotes/csquotes.sty
Package: csquotes 2022-09-14 v5.2n context-sensitive quotations (JAW)

(/usr/share/texlive/texmf-dist/tex/latex/etoolbox/etoolbox.sty
Package: etoolbox 2020/10/05 v2.5k e-TeX tools for LaTeX (JAW)
\etb@tempcnta=\count277
)
(/usr/share/texlive/texmf-dist/tex/latex/graphics/keyval.sty
Package: keyval 2022/05/29 v1.15 key=value parser (DPC)
\KV@toks@=\toks23
)
\csq@reset=\count278
\csq@gtype=\count279
\csq@glevel=\count280
\csq@qlevel=\count281
\csq@maxlvl=\count282
\csq@tshold=\count283
\csq@ltx@everypar=\toks24

(/usr/share/texlive/texmf-dist/tex/latex/csquotes/csquotes.def
File: csquotes.def 2022-09-14 v5.2n csquotes generic definitions (JAW)
)
Package csquotes Info: Trying to load configuration file 'csquotes.cfg'...
Package csquotes Info: ... configuration file loaded successfully.

(/usr/share/texlive/texmf-dist/tex/latex/csquotes/csquotes.cfg
File: csquotes.cfg 
))
(/usr/share/texlive/texmf-dist/tex/latex/diagbox/diagbox.sty
Package: diagbox 2020/02/09 v2.3 Making table heads with diagonal lines

(/usr/share/texlive/texmf-dist/tex/latex/pict2e/pict2e.sty
Package: pict2e 2020/09/30 v0.4b Improved picture commands (HjG,RN,JT)

(/usr/share/texlive/texmf-dist/tex/latex/pict2e/pict2e.cfg
File: pict2e.cfg 2016/02/05 v0.1u pict2e configuration for teTeX/TeXLive
)
Package pict2e Info: Driver file: pdftex.def on input line 112.

(/usr/share/texlive/texmf-dist/tex/latex/graphics-def/pdftex.def
File: pdftex.def 2022/09/22 v1.2b Graphics/color driver for pdftex
)
Package pict2e Info: Driver file for pict2e: p2e-pdftex.def on input line 114.

(/usr/share/texlive/texmf-dist/tex/latex/pict2e/p2e-pdftex.def
File: p2e-pdftex.def 2016/02/05 v0.1u Driver-dependant file (RN,HjG,JT)
)
(/usr/share/texlive/texmf-dist/tex/latex/graphics/trig.sty
Package: trig 2021/08/11 v1.11 sin cos tan (DPC)
)
\pIIe@GRAPH=\toks25
\@arclen=\dimen151
\@arcrad=\dimen152
\pIIe@tempdima=\dimen153
\pIIe@tempdimb=\dimen154
\pIIe@tempdimc=\dimen155
\pIIe@tempdimd=\dimen156
\pIIe@tempdime=\dimen157
\pIIe@tempdimf=\dimen158
)
(/usr/share/texlive/texmf-dist/tex/latex/tools/calc.sty
Package: calc 2023/07/08 v4.3 Infix arithmetic (KKT,FJ)
\calc@Acount=\count284
\calc@Bcount=\count285
\calc@Adimen=\dimen159
\calc@Bdimen=\dimen160
\calc@Askip=\skip53
\calc@Bskip=\skip54
LaTeX Info: Redefining \setlength on input line 80.
LaTeX Info: Redefining \addtolength on input line 81.
\calc@Ccount=\count286
\calc@Cskip=\skip55
)
(/usr/share/texlive/texmf-dist/tex/latex/tools/array.sty
Package: array 2023/10/16 v2.5g Tabular extension package (FMi)
\col@sep=\dimen161
\ar@mcellbox=\box53
\extrarowheight=\dimen162
\NC@list=\toks26
\extratabsurround=\skip56
\backup@length=\skip57
\ar@cellbox=\box54
)
\diagbox@boxa=\box55
\diagbox@boxb=\box56
\diagbox@boxm=\box57
\diagbox@wd=\dimen163
\diagbox@ht=\dimen164
\diagbox@insepl=\dimen165
\diagbox@insepr=\dimen166
\diagbox@outsepl=\dimen167
\diagbox@outsepr=\dimen168
)
(/usr/share/texlive/texmf-dist/tex/latex/float/float.sty
Package: float 2001/11/08 v1.3d Float enhancements (AL)
\c@float@type=\count287
\float@exts=\toks27
\float@box=\box58
\@float@everytoks=\toks28
\@floatcapt=\box59
)
(/usr/share/texlive/texmf-dist/tex/latex/geometry/geometry.sty
Package: geometry 2020/01/02 v5.9 Page Geometry

(/usr/share/texlive/texmf-dist/tex/generic/iftex/ifvtex.sty
Package: ifvtex 2019/10/25 v1.7 ifvtex legacy package. Use iftex instead.

(/usr/share/texlive/texmf-dist/tex/generic/iftex/iftex.sty
Package: iftex 2022/02/03 v1.0f TeX engine tests
))
\Gm@cnth=\count288
\Gm@cntv=\count289
\c@Gm@tempcnt=\count290
\Gm@bindingoffset=\dimen169
\Gm@wd@mp=\dimen170
\Gm@odd@mp=\dimen171
\Gm@even@mp=\dimen172
\Gm@layoutwidth=\dimen173
\Gm@layoutheight=\dimen174
\Gm@layouthoffset=\dimen175
\Gm@layoutvoffset=\dimen176
\Gm@dimlist=\toks29
)
(/usr/share/texlive/texmf-dist/tex/latex/graphics/graphicx.sty
Package: graphicx 2021/09/16 v1.2d Enhanced LaTeX Graphics (DPC,SPQR)

(/usr/share/texlive/texmf-dist/tex/latex/graphics/graphics.sty
Package: graphics 2022/03/10 v1.4e Standard LaTeX Graphics (DPC,SPQR)

(/usr/share/texlive/texmf-dist/tex/latex/graphics-cfg/graphics.cfg
File: graphics.cfg 2016/06/04 v1.11 sample graphics configuration
)
Package graphics Info: Driver file: pdftex.def on input line 107.
)
\Gin@req@height=\dimen177
\Gin@req@width=\dimen178
)
(/usr/share/texlive/texmf-dist/tex/latex/was/icomma.sty
Package: icomma 2002/03/10 v2.0 (WaS)
)
(/usr/share/texlive/texmf-dist/tex/latex/base/inputenc.sty
Package: inputenc 2021/02/14 v1.3d Input encoding file
\inpenc@prehook=\toks30
\inpenc@posthook=\toks31
)
(/usr/share/texlive/texmf-dist/tex/latex/listings/listings.sty
\lst@mode=\count291
\lst@gtempboxa=\box60
\lst@token=\toks32
\lst@length=\count292
\lst@currlwidth=\dimen179
\lst@column=\count293
\lst@pos=\count294
\lst@lostspace=\dimen180
\lst@width=\dimen181
\lst@newlines=\count295
\lst@lineno=\count296
\lst@maxwidth=\dimen182

(/usr/share/texlive/texmf-dist/tex/latex/listings/lstmisc.sty
File: lstmisc.sty 2023/02/27 1.9 (Carsten Heinz)
\c@lstnumber=\count297
\lst@skipnumbers=\count298
\lst@framebox=\box61
)
(/usr/share/texlive/texmf-dist/tex/latex/listings/listings.cfg
File: listings.cfg 2023/02/27 1.9 listings configuration
))
Package: listings 2023/02/27 1.9 (Carsten Heinz)

(/usr/share/texlive/texmf-dist/tex/latex/multirow/multirow.sty
Package: multirow 2021/03/15 v2.8 Span multiple rows of a table
\multirow@colwidth=\skip58
\multirow@cntb=\count299
\multirow@dima=\skip59
\bigstrutjot=\dimen183
)
(/usr/share/texlive/texmf-dist/tex/latex/pdflscape/pdflscape.sty
Package: pdflscape 2022-10-27 v0.13 Display of landscape pages in PDF

(/usr/share/texlive/texmf-dist/tex/latex/pdflscape/pdflscape-nometadata.sty
Package: pdflscape-nometadata 2022-10-28 v0.13 Display of landscape pages in PD
F (HO)

(/usr/share/texlive/texmf-dist/tex/latex/graphics/lscape.sty
Package: lscape 2020/05/28 v3.02 Landscape Pages (DPC)
)
Package pdflscape Info: Auto-detected driver: pdftex on input line 81.
))
(/usr/share/texlive/texmf-dist/tex/latex/siunitx/siunitx.sty
Package: siunitx 2024-01-25 v3.3.10 A comprehensive (SI) units package
\l__siunitx_number_uncert_offset_int=\count300
\l__siunitx_number_exponent_fixed_int=\count301
\l__siunitx_number_min_decimal_int=\count302
\l__siunitx_number_min_integer_int=\count303
\l__siunitx_number_round_precision_int=\count304
\l__siunitx_number_lower_threshold_int=\count305
\l__siunitx_number_upper_threshold_int=\count306
\l__siunitx_number_group_first_int=\count307
\l__siunitx_number_group_size_int=\count308
\l__siunitx_number_group_minimum_int=\count309
\l__siunitx_angle_tmp_dim=\dimen184
\l__siunitx_angle_marker_box=\box62
\l__siunitx_angle_unit_box=\box63
\l__siunitx_compound_count_int=\count310

(/usr/share/texlive/texmf-dist/tex/latex/translations/translations.sty
Package: translations 2022/02/05 v1.12 internationalization of LaTeX2e packages
 (CN)

(/usr/share/texlive/texmf-dist/tex/generic/pdftexcmds/pdftexcmds.sty
Package: pdftexcmds 2020-06-27 v0.33 Utility functions of pdfTeX for LuaTeX (HO
)

(/usr/share/texlive/texmf-dist/tex/generic/infwarerr/infwarerr.sty
Package: infwarerr 2019/12/03 v1.5 Providing info/warning/error messages (HO)
)
(/usr/share/texlive/texmf-dist/tex/generic/ltxcmds/ltxcmds.sty
Package: ltxcmds 2023-12-04 v1.26 LaTeX kernel commands for general use (HO)
)
Package pdftexcmds Info: \pdf@primitive is available.
Package pdftexcmds Info: \pdf@ifprimitive is available.
Package pdftexcmds Info: \pdfdraftmode found.
))
\l__siunitx_table_tmp_box=\box64
\l__siunitx_table_tmp_dim=\dimen185
\l__siunitx_table_column_width_dim=\dimen186
\l__siunitx_table_integer_box=\box65
\l__siunitx_table_decimal_box=\box66
\l__siunitx_table_uncert_box=\box67
\l__siunitx_table_before_box=\box68
\l__siunitx_table_after_box=\box69
\l__siunitx_table_before_dim=\dimen187
\l__siunitx_table_carry_dim=\dimen188
\l__siunitx_unit_tmp_int=\count311
\l__siunitx_unit_position_int=\count312
\l__siunitx_unit_total_int=\count313
)
(/usr/share/texlive/texmf-dist/tex/latex/threeparttable/threeparttable.sty
Package: threeparttable 2003/06/13  v 3.0
\@tempboxb=\box70
)
(/usr/share/texlive/texmf-dist/tex/latex/pgf/frontendlayer/tikz.sty
(/usr/share/texlive/texmf-dist/tex/latex/pgf/basiclayer/pgf.sty
(/usr/share/texlive/texmf-dist/tex/latex/pgf/utilities/pgfrcs.sty
(/usr/share/texlive/texmf-dist/tex/generic/pgf/utilities/pgfutil-common.tex
\pgfutil@everybye=\toks33
\pgfutil@tempdima=\dimen189
\pgfutil@tempdimb=\dimen190
)
(/usr/share/texlive/texmf-dist/tex/generic/pgf/utilities/pgfutil-latex.def
\pgfutil@abb=\box71
)
(/usr/share/texlive/texmf-dist/tex/generic/pgf/utilities/pgfrcs.code.tex
(/usr/share/texlive/texmf-dist/tex/generic/pgf/pgf.revision.tex)
Package: pgfrcs 2023-01-15 v3.1.10 (3.1.10)
))
Package: pgf 2023-01-15 v3.1.10 (3.1.10)

(/usr/share/texlive/texmf-dist/tex/latex/pgf/basiclayer/pgfcore.sty
(/usr/share/texlive/texmf-dist/tex/latex/pgf/systemlayer/pgfsys.sty
(/usr/share/texlive/texmf-dist/tex/generic/pgf/systemlayer/pgfsys.code.tex
Package: pgfsys 2023-01-15 v3.1.10 (3.1.10)

(/usr/share/texlive/texmf-dist/tex/generic/pgf/utilities/pgfkeys.code.tex
\pgfkeys@pathtoks=\toks34
\pgfkeys@temptoks=\toks35

(/usr/share/texlive/texmf-dist/tex/generic/pgf/utilities/pgfkeyslibraryfiltered
.code.tex
\pgfkeys@tmptoks=\toks36
))
\pgf@x=\dimen191
\pgf@y=\dimen192
\pgf@xa=\dimen193
\pgf@ya=\dimen194
\pgf@xb=\dimen195
\pgf@yb=\dimen196
\pgf@xc=\dimen197
\pgf@yc=\dimen198
\pgf@xd=\dimen199
\pgf@yd=\dimen256
\w@pgf@writea=\write3
\r@pgf@reada=\read3
\c@pgf@counta=\count314
\c@pgf@countb=\count315
\c@pgf@countc=\count316
\c@pgf@countd=\count317
\t@pgf@toka=\toks37
\t@pgf@tokb=\toks38
\t@pgf@tokc=\toks39
\pgf@sys@id@count=\count318
 (/usr/share/texlive/texmf-dist/tex/generic/pgf/systemlayer/pgf.cfg
File: pgf.cfg 2023-01-15 v3.1.10 (3.1.10)
)
Driver file for pgf: pgfsys-pdftex.def
(/usr/share/texlive/texmf-dist/tex/generic/pgf/systemlayer/pgfsys-pdftex.def
File: pgfsys-pdftex.def 2023-01-15 v3.1.10 (3.1.10)

(/usr/share/texlive/texmf-dist/tex/generic/pgf/systemlayer/pgfsys-common-pdf.de
f
File: pgfsys-common-pdf.def 2023-01-15 v3.1.10 (3.1.10)
)))
(/usr/share/texlive/texmf-dist/tex/generic/pgf/systemlayer/pgfsyssoftpath.code.
tex
File: pgfsyssoftpath.code.tex 2023-01-15 v3.1.10 (3.1.10)
\pgfsyssoftpath@smallbuffer@items=\count319
\pgfsyssoftpath@bigbuffer@items=\count320
)
(/usr/share/texlive/texmf-dist/tex/generic/pgf/systemlayer/pgfsysprotocol.code.
tex
File: pgfsysprotocol.code.tex 2023-01-15 v3.1.10 (3.1.10)
)) (/usr/share/texlive/texmf-dist/tex/latex/xcolor/xcolor.sty
Package: xcolor 2023/11/15 v3.01 LaTeX color extensions (UK)

(/usr/share/texlive/texmf-dist/tex/latex/graphics-cfg/color.cfg
File: color.cfg 2016/01/02 v1.6 sample color configuration
)
Package xcolor Info: Driver file: pdftex.def on input line 274.

(/usr/share/texlive/texmf-dist/tex/latex/graphics/mathcolor.ltx)
Package xcolor Info: Model `cmy' substituted by `cmy0' on input line 1350.
Package xcolor Info: Model `hsb' substituted by `rgb' on input line 1354.
Package xcolor Info: Model `RGB' extended on input line 1366.
Package xcolor Info: Model `HTML' substituted by `rgb' on input line 1368.
Package xcolor Info: Model `Hsb' substituted by `hsb' on input line 1369.
Package xcolor Info: Model `tHsb' substituted by `hsb' on input line 1370.
Package xcolor Info: Model `HSB' substituted by `hsb' on input line 1371.
Package xcolor Info: Model `Gray' substituted by `gray' on input line 1372.
Package xcolor Info: Model `wave' substituted by `hsb' on input line 1373.
)
(/usr/share/texlive/texmf-dist/tex/generic/pgf/basiclayer/pgfcore.code.tex
Package: pgfcore 2023-01-15 v3.1.10 (3.1.10)

(/usr/share/texlive/texmf-dist/tex/generic/pgf/math/pgfmath.code.tex
(/usr/share/texlive/texmf-dist/tex/generic/pgf/math/pgfmathutil.code.tex)
(/usr/share/texlive/texmf-dist/tex/generic/pgf/math/pgfmathparser.code.tex
\pgfmath@dimen=\dimen257
\pgfmath@count=\count321
\pgfmath@box=\box72
\pgfmath@toks=\toks40
\pgfmath@stack@operand=\toks41
\pgfmath@stack@operation=\toks42
)
(/usr/share/texlive/texmf-dist/tex/generic/pgf/math/pgfmathfunctions.code.tex)
(/usr/share/texlive/texmf-dist/tex/generic/pgf/math/pgfmathfunctions.basic.code
.tex)
(/usr/share/texlive/texmf-dist/tex/generic/pgf/math/pgfmathfunctions.trigonomet
ric.code.tex)
(/usr/share/texlive/texmf-dist/tex/generic/pgf/math/pgfmathfunctions.random.cod
e.tex)
(/usr/share/texlive/texmf-dist/tex/generic/pgf/math/pgfmathfunctions.comparison
.code.tex)
(/usr/share/texlive/texmf-dist/tex/generic/pgf/math/pgfmathfunctions.base.code.
tex)
(/usr/share/texlive/texmf-dist/tex/generic/pgf/math/pgfmathfunctions.round.code
.tex)
(/usr/share/texlive/texmf-dist/tex/generic/pgf/math/pgfmathfunctions.misc.code.
tex)
(/usr/share/texlive/texmf-dist/tex/generic/pgf/math/pgfmathfunctions.integerari
thmetics.code.tex)
(/usr/share/texlive/texmf-dist/tex/generic/pgf/math/pgfmathcalc.code.tex)
(/usr/share/texlive/texmf-dist/tex/generic/pgf/math/pgfmathfloat.code.tex
\c@pgfmathroundto@lastzeros=\count322
))
(/usr/share/texlive/texmf-dist/tex/generic/pgf/math/pgfint.code.tex)
(/usr/share/texlive/texmf-dist/tex/generic/pgf/basiclayer/pgfcorepoints.code.te
x
File: pgfcorepoints.code.tex 2023-01-15 v3.1.10 (3.1.10)
\pgf@picminx=\dimen258
\pgf@picmaxx=\dimen259
\pgf@picminy=\dimen260
\pgf@picmaxy=\dimen261
\pgf@pathminx=\dimen262
\pgf@pathmaxx=\dimen263
\pgf@pathminy=\dimen264
\pgf@pathmaxy=\dimen265
\pgf@xx=\dimen266
\pgf@xy=\dimen267
\pgf@yx=\dimen268
\pgf@yy=\dimen269
\pgf@zx=\dimen270
\pgf@zy=\dimen271
)
(/usr/share/texlive/texmf-dist/tex/generic/pgf/basiclayer/pgfcorepathconstruct.
code.tex
File: pgfcorepathconstruct.code.tex 2023-01-15 v3.1.10 (3.1.10)
\pgf@path@lastx=\dimen272
\pgf@path@lasty=\dimen273
)
(/usr/share/texlive/texmf-dist/tex/generic/pgf/basiclayer/pgfcorepathusage.code
.tex
File: pgfcorepathusage.code.tex 2023-01-15 v3.1.10 (3.1.10)
\pgf@shorten@end@additional=\dimen274
\pgf@shorten@start@additional=\dimen275
)
(/usr/share/texlive/texmf-dist/tex/generic/pgf/basiclayer/pgfcorescopes.code.te
x
File: pgfcorescopes.code.tex 2023-01-15 v3.1.10 (3.1.10)
\pgfpic=\box73
\pgf@hbox=\box74
\pgf@layerbox@main=\box75
\pgf@picture@serial@count=\count323
)
(/usr/share/texlive/texmf-dist/tex/generic/pgf/basiclayer/pgfcoregraphicstate.c
ode.tex
File: pgfcoregraphicstate.code.tex 2023-01-15 v3.1.10 (3.1.10)
\pgflinewidth=\dimen276
)
(/usr/share/texlive/texmf-dist/tex/generic/pgf/basiclayer/pgfcoretransformation
s.code.tex
File: pgfcoretransformations.code.tex 2023-01-15 v3.1.10 (3.1.10)
\pgf@pt@x=\dimen277
\pgf@pt@y=\dimen278
\pgf@pt@temp=\dimen279
)
(/usr/share/texlive/texmf-dist/tex/generic/pgf/basiclayer/pgfcorequick.code.tex
File: pgfcorequick.code.tex 2023-01-15 v3.1.10 (3.1.10)
)
(/usr/share/texlive/texmf-dist/tex/generic/pgf/basiclayer/pgfcoreobjects.code.t
ex
File: pgfcoreobjects.code.tex 2023-01-15 v3.1.10 (3.1.10)
)
(/usr/share/texlive/texmf-dist/tex/generic/pgf/basiclayer/pgfcorepathprocessing
.code.tex
File: pgfcorepathprocessing.code.tex 2023-01-15 v3.1.10 (3.1.10)
)
(/usr/share/texlive/texmf-dist/tex/generic/pgf/basiclayer/pgfcorearrows.code.te
x
File: pgfcorearrows.code.tex 2023-01-15 v3.1.10 (3.1.10)
\pgfarrowsep=\dimen280
)
(/usr/share/texlive/texmf-dist/tex/generic/pgf/basiclayer/pgfcoreshade.code.tex
File: pgfcoreshade.code.tex 2023-01-15 v3.1.10 (3.1.10)
\pgf@max=\dimen281
\pgf@sys@shading@range@num=\count324
\pgf@shadingcount=\count325
)
(/usr/share/texlive/texmf-dist/tex/generic/pgf/basiclayer/pgfcoreimage.code.tex
File: pgfcoreimage.code.tex 2023-01-15 v3.1.10 (3.1.10)
)
(/usr/share/texlive/texmf-dist/tex/generic/pgf/basiclayer/pgfcoreexternal.code.
tex
File: pgfcoreexternal.code.tex 2023-01-15 v3.1.10 (3.1.10)
\pgfexternal@startupbox=\box76
)
(/usr/share/texlive/texmf-dist/tex/generic/pgf/basiclayer/pgfcorelayers.code.te
x
File: pgfcorelayers.code.tex 2023-01-15 v3.1.10 (3.1.10)
)
(/usr/share/texlive/texmf-dist/tex/generic/pgf/basiclayer/pgfcoretransparency.c
ode.tex
File: pgfcoretransparency.code.tex 2023-01-15 v3.1.10 (3.1.10)
)
(/usr/share/texlive/texmf-dist/tex/generic/pgf/basiclayer/pgfcorepatterns.code.
tex
File: pgfcorepatterns.code.tex 2023-01-15 v3.1.10 (3.1.10)
)
(/usr/share/texlive/texmf-dist/tex/generic/pgf/basiclayer/pgfcorerdf.code.tex
File: pgfcorerdf.code.tex 2023-01-15 v3.1.10 (3.1.10)
)))
(/usr/share/texlive/texmf-dist/tex/generic/pgf/modules/pgfmoduleshapes.code.tex
File: pgfmoduleshapes.code.tex 2023-01-15 v3.1.10 (3.1.10)
\pgfnodeparttextbox=\box77
) (/usr/share/texlive/texmf-dist/tex/generic/pgf/modules/pgfmoduleplot.code.tex
File: pgfmoduleplot.code.tex 2023-01-15 v3.1.10 (3.1.10)
)
(/usr/share/texlive/texmf-dist/tex/latex/pgf/compatibility/pgfcomp-version-0-65
.sty
Package: pgfcomp-version-0-65 2023-01-15 v3.1.10 (3.1.10)
\pgf@nodesepstart=\dimen282
\pgf@nodesepend=\dimen283
)
(/usr/share/texlive/texmf-dist/tex/latex/pgf/compatibility/pgfcomp-version-1-18
.sty
Package: pgfcomp-version-1-18 2023-01-15 v3.1.10 (3.1.10)
)) (/usr/share/texlive/texmf-dist/tex/latex/pgf/utilities/pgffor.sty
(/usr/share/texlive/texmf-dist/tex/latex/pgf/utilities/pgfkeys.sty
(/usr/share/texlive/texmf-dist/tex/generic/pgf/utilities/pgfkeys.code.tex))
(/usr/share/texlive/texmf-dist/tex/latex/pgf/math/pgfmath.sty
(/usr/share/texlive/texmf-dist/tex/generic/pgf/math/pgfmath.code.tex))
(/usr/share/texlive/texmf-dist/tex/generic/pgf/utilities/pgffor.code.tex
Package: pgffor 2023-01-15 v3.1.10 (3.1.10)
\pgffor@iter=\dimen284
\pgffor@skip=\dimen285
\pgffor@stack=\toks43
\pgffor@toks=\toks44
))
(/usr/share/texlive/texmf-dist/tex/generic/pgf/frontendlayer/tikz/tikz.code.tex
Package: tikz 2023-01-15 v3.1.10 (3.1.10)

(/usr/share/texlive/texmf-dist/tex/generic/pgf/libraries/pgflibraryplothandlers
.code.tex
File: pgflibraryplothandlers.code.tex 2023-01-15 v3.1.10 (3.1.10)
\pgf@plot@mark@count=\count326
\pgfplotmarksize=\dimen286
)
\tikz@lastx=\dimen287
\tikz@lasty=\dimen288
\tikz@lastxsaved=\dimen289
\tikz@lastysaved=\dimen290
\tikz@lastmovetox=\dimen291
\tikz@lastmovetoy=\dimen292
\tikzleveldistance=\dimen293
\tikzsiblingdistance=\dimen294
\tikz@figbox=\box78
\tikz@figbox@bg=\box79
\tikz@tempbox=\box80
\tikz@tempbox@bg=\box81
\tikztreelevel=\count327
\tikznumberofchildren=\count328
\tikznumberofcurrentchild=\count329
\tikz@fig@count=\count330

(/usr/share/texlive/texmf-dist/tex/generic/pgf/modules/pgfmodulematrix.code.tex
File: pgfmodulematrix.code.tex 2023-01-15 v3.1.10 (3.1.10)
\pgfmatrixcurrentrow=\count331
\pgfmatrixcurrentcolumn=\count332
\pgf@matrix@numberofcolumns=\count333
)
\tikz@expandcount=\count334

(/usr/share/texlive/texmf-dist/tex/generic/pgf/frontendlayer/tikz/libraries/tik
zlibrarytopaths.code.tex
File: tikzlibrarytopaths.code.tex 2023-01-15 v3.1.10 (3.1.10)
)))
(/usr/share/texlive/texmf-dist/tex/latex/upquote/upquote.sty
Package: upquote 2012/04/19 v1.3 upright-quote and grave-accent glyphs in verba
tim
)
(/usr/share/texmf/tex/latex/CJK/CJKutf8.sty
Package: CJKutf8 2021/10/16 4.8.5

(/usr/share/texlive/texmf-dist/tex/generic/iftex/ifpdf.sty
Package: ifpdf 2019/10/25 v3.4 ifpdf legacy package. Use iftex instead.
)
(/usr/share/texmf/tex/latex/CJK/CJK.sty
Package: CJK 2021/10/16 4.8.5

(/usr/share/texmf/tex/latex/CJK/mule/MULEenc.sty
Package: MULEenc 2021/10/16 4.8.5
)
(/usr/share/texmf/tex/latex/CJK/CJK.enc
File: CJK.enc 2021/10/16 4.8.5
Now handling font encoding C00 ...
... no UTF-8 mapping file for font encoding C00
Now handling font encoding C05 ...
... no UTF-8 mapping file for font encoding C05
Now handling font encoding C09 ...
... no UTF-8 mapping file for font encoding C09
Now handling font encoding C10 ...
... no UTF-8 mapping file for font encoding C10
Now handling font encoding C20 ...
... no UTF-8 mapping file for font encoding C20
Now handling font encoding C19 ...
... no UTF-8 mapping file for font encoding C19
Now handling font encoding C40 ...
... no UTF-8 mapping file for font encoding C40
Now handling font encoding C42 ...
... no UTF-8 mapping file for font encoding C42
Now handling font encoding C43 ...
... no UTF-8 mapping file for font encoding C43
Now handling font encoding C50 ...
... no UTF-8 mapping file for font encoding C50
Now handling font encoding C52 ...
... no UTF-8 mapping file for font encoding C52
Now handling font encoding C49 ...
... no UTF-8 mapping file for font encoding C49
Now handling font encoding C60 ...
... no UTF-8 mapping file for font encoding C60
Now handling font encoding C61 ...
... no UTF-8 mapping file for font encoding C61
Now handling font encoding C63 ...
... no UTF-8 mapping file for font encoding C63
Now handling font encoding C64 ...
... no UTF-8 mapping file for font encoding C64
Now handling font encoding C65 ...
... no UTF-8 mapping file for font encoding C65
Now handling font encoding C70 ...
... no UTF-8 mapping file for font encoding C70
Now handling font encoding C31 ...
... no UTF-8 mapping file for font encoding C31
Now handling font encoding C32 ...
... no UTF-8 mapping file for font encoding C32
Now handling font encoding C33 ...
... no UTF-8 mapping file for font encoding C33
Now handling font encoding C34 ...
... no UTF-8 mapping file for font encoding C34
Now handling font encoding C35 ...
... no UTF-8 mapping file for font encoding C35
Now handling font encoding C36 ...
... no UTF-8 mapping file for font encoding C36
Now handling font encoding C37 ...
... no UTF-8 mapping file for font encoding C37
Now handling font encoding C80 ...
... no UTF-8 mapping file for font encoding C80
Now handling font encoding C81 ...
... no UTF-8 mapping file for font encoding C81
Now handling font encoding C01 ...
... no UTF-8 mapping file for font encoding C01
Now handling font encoding C11 ...
... no UTF-8 mapping file for font encoding C11
Now handling font encoding C21 ...
... no UTF-8 mapping file for font encoding C21
Now handling font encoding C41 ...
... no UTF-8 mapping file for font encoding C41
Now handling font encoding C62 ...
... no UTF-8 mapping file for font encoding C62
)
\CJK@indent=\box82
)
(/usr/share/texlive/texmf-dist/tex/latex/base/fontenc.sty
Package: fontenc 2021/04/29 v2.0v Standard LaTeX package
))

Package siunitx Info: Option "separate-uncertainty" has been deprecated in
(siunitx)             this release.
(siunitx)             
(siunitx)             Use "uncertainty-mode = compact" as a replacement.


(/usr/share/texlive/texmf-dist/tex/generic/pgf/frontendlayer/tikz/libraries/tik
zlibraryer.code.tex
File: tikzlibraryer.code.tex 2023-01-15 v3.1.10 (3.1.10)

(/usr/share/texlive/texmf-dist/tex/generic/pgf/frontendlayer/tikz/libraries/tik
zlibraryshapes.geometric.code.tex
File: tikzlibraryshapes.geometric.code.tex 2023-01-15 v3.1.10 (3.1.10)

(/usr/share/texlive/texmf-dist/tex/generic/pgf/libraries/shapes/pgflibraryshape
s.geometric.code.tex
File: pgflibraryshapes.geometric.code.tex 2023-01-15 v3.1.10 (3.1.10)
)))

Package csquotes Warning: Load 'inputenc' before 'csquotes' on input line 135.

Package csquotes Info: Checking for multilingual support...
Package csquotes Info: ... found 'babel' package.
Package csquotes Info: Adjusting default style.
Package csquotes Info: Redefining alias 'default' -> 'spanish'.
(/usr/share/texlive/texmf-dist/tex/latex/l3backend/l3backend-pdftex.def
File: l3backend-pdftex.def 2024-01-04 L3 backend support: PDF output (pdfTeX)
\l__color_backend_stack_int=\count335
\l__pdf_internal_box=\box83
)
(./Tesis.aux
LaTeX Info: Redefining \. on input line 9.
LaTeX Info: Redefining \% on input line 9.
)
\openout1 = `Tesis.aux'.

LaTeX Font Info:    Checking defaults for OML/cmm/m/it on input line 135.
LaTeX Font Info:    ... okay on input line 135.
LaTeX Font Info:    Checking defaults for OMS/cmsy/m/n on input line 135.
LaTeX Font Info:    ... okay on input line 135.
LaTeX Font Info:    Checking defaults for OT1/cmr/m/n on input line 135.
LaTeX Font Info:    ... okay on input line 135.
LaTeX Font Info:    Checking defaults for T1/cmr/m/n on input line 135.
LaTeX Font Info:    ... okay on input line 135.
LaTeX Font Info:    Checking defaults for TS1/cmr/m/n on input line 135.
LaTeX Font Info:    ... okay on input line 135.
LaTeX Font Info:    Checking defaults for OMX/cmex/m/n on input line 135.
LaTeX Font Info:    ... okay on input line 135.
LaTeX Font Info:    Checking defaults for U/cmr/m/n on input line 135.
LaTeX Font Info:    ... okay on input line 135.
LaTeX Font Info:    Checking defaults for C00/song/m/n on input line 135.
LaTeX Font Info:    ... okay on input line 135.
LaTeX Font Info:    Checking defaults for C05/song/m/n on input line 135.
LaTeX Font Info:    ... okay on input line 135.
LaTeX Font Info:    Checking defaults for C09/song/m/n on input line 135.
LaTeX Font Info:    ... okay on input line 135.
LaTeX Font Info:    Checking defaults for C10/song/m/n on input line 135.
LaTeX Font Info:    ... okay on input line 135.
LaTeX Font Info:    Checking defaults for C20/song/m/n on input line 135.
LaTeX Font Info:    ... okay on input line 135.
LaTeX Font Info:    Checking defaults for C19/song/m/n on input line 135.
LaTeX Font Info:    ... okay on input line 135.
LaTeX Font Info:    Checking defaults for C40/song/m/n on input line 135.
LaTeX Font Info:    ... okay on input line 135.
LaTeX Font Info:    Checking defaults for C42/song/m/n on input line 135.
LaTeX Font Info:    ... okay on input line 135.
LaTeX Font Info:    Checking defaults for C43/song/m/n on input line 135.
LaTeX Font Info:    ... okay on input line 135.
LaTeX Font Info:    Checking defaults for C50/song/m/n on input line 135.
LaTeX Font Info:    ... okay on input line 135.
LaTeX Font Info:    Checking defaults for C52/song/m/n on input line 135.
LaTeX Font Info:    ... okay on input line 135.
LaTeX Font Info:    Checking defaults for C49/song/m/n on input line 135.
LaTeX Font Info:    ... okay on input line 135.
LaTeX Font Info:    Checking defaults for C60/mj/m/n on input line 135.
LaTeX Font Info:    ... okay on input line 135.
LaTeX Font Info:    Checking defaults for C61/mj/m/n on input line 135.
LaTeX Font Info:    ... okay on input line 135.
LaTeX Font Info:    Checking defaults for C63/mj/m/n on input line 135.
LaTeX Font Info:    ... okay on input line 135.
LaTeX Font Info:    Checking defaults for C64/mj/m/n on input line 135.
LaTeX Font Info:    ... okay on input line 135.
LaTeX Font Info:    Checking defaults for C65/mj/m/n on input line 135.
LaTeX Font Info:    ... okay on input line 135.
LaTeX Font Info:    Checking defaults for C70/song/m/n on input line 135.
LaTeX Font Info:    ... okay on input line 135.
LaTeX Font Info:    Checking defaults for C31/song/m/n on input line 135.
LaTeX Font Info:    ... okay on input line 135.
LaTeX Font Info:    Checking defaults for C32/song/m/n on input line 135.
LaTeX Font Info:    ... okay on input line 135.
LaTeX Font Info:    Checking defaults for C33/song/m/n on input line 135.
LaTeX Font Info:    ... okay on input line 135.
LaTeX Font Info:    Checking defaults for C34/song/m/n on input line 135.
LaTeX Font Info:    ... okay on input line 135.
LaTeX Font Info:    Checking defaults for C35/song/m/n on input line 135.
LaTeX Font Info:    ... okay on input line 135.
LaTeX Font Info:    Checking defaults for C36/song/m/n on input line 135.
LaTeX Font Info:    ... okay on input line 135.
LaTeX Font Info:    Checking defaults for C37/song/m/n on input line 135.
LaTeX Font Info:    ... okay on input line 135.
LaTeX Font Info:    Checking defaults for C80/song/m/n on input line 135.
LaTeX Font Info:    ... okay on input line 135.
LaTeX Font Info:    Checking defaults for C81/song/m/n on input line 135.
LaTeX Font Info:    ... okay on input line 135.
LaTeX Font Info:    Checking defaults for C01/song/m/n on input line 135.
LaTeX Font Info:    ... okay on input line 135.
LaTeX Font Info:    Checking defaults for C11/song/m/n on input line 135.
LaTeX Font Info:    ... okay on input line 135.
LaTeX Font Info:    Checking defaults for C21/song/m/n on input line 135.
LaTeX Font Info:    ... okay on input line 135.
LaTeX Font Info:    Checking defaults for C41/song/m/n on input line 135.
LaTeX Font Info:    ... okay on input line 135.
LaTeX Font Info:    Checking defaults for C62/song/m/n on input line 135.
LaTeX Font Info:    ... okay on input line 135.
LaTeX Info: Redefining \. on input line 135.
LaTeX Info: Redefining \% on input line 135.

(/usr/share/texlive/texmf-dist/tex/context/base/mkii/supp-pdf.mkii
[Loading MPS to PDF converter (version 2006.09.02).]
\scratchcounter=\count336
\scratchdimen=\dimen295
\scratchbox=\box84
\nofMPsegments=\count337
\nofMParguments=\count338
\everyMPshowfont=\toks45
\MPscratchCnt=\count339
\MPscratchDim=\dimen296
\MPnumerator=\count340
\makeMPintoPDFobject=\count341
\everyMPtoPDFconversion=\toks46
) (/usr/share/texlive/texmf-dist/tex/latex/epstopdf-pkg/epstopdf-base.sty
Package: epstopdf-base 2020-01-24 v2.11 Base part for package epstopdf
Package epstopdf-base Info: Redefining graphics rule for `.eps' on input line 4
85.

(/usr/share/texlive/texmf-dist/tex/latex/latexconfig/epstopdf-sys.cfg
File: epstopdf-sys.cfg 2010/07/13 v1.3 Configuration of (r)epstopdf for TeX Liv
e
))
*geometry* driver: auto-detecting
*geometry* detected driver: pdftex
*geometry* verbose mode - [ preamble ] result:
* driver: pdftex
* paper: letterpaper
* layout: <same size as paper>
* layoutoffset:(h,v)=(0.0pt,0.0pt)
* modes: 
* h-part:(L,W,R)=(56.9055pt, 500.484pt, 56.9055pt)
* v-part:(T,H,B)=(56.9055pt, 681.15898pt, 56.9055pt)
* \paperwidth=614.295pt
* \paperheight=794.96999pt
* \textwidth=500.484pt
* \textheight=681.15898pt
* \oddsidemargin=-15.36449pt
* \evensidemargin=-15.36449pt
* \topmargin=-52.36449pt
* \headheight=12.0pt
* \headsep=25.0pt
* \topskip=12.0pt
* \footskip=30.0pt
* \marginparwidth=44.0pt
* \marginparsep=10.0pt
* \columnsep=10.0pt
* \skip\footins=10.8pt plus 4.0pt minus 2.0pt
* \hoffset=0.0pt
* \voffset=0.0pt
* \mag=1000
* \@twocolumnfalse
* \@twosidefalse
* \@mparswitchfalse
* \@reversemarginfalse
* (1in=72.27pt=25.4mm, 1cm=28.453pt)

(/usr/share/texlive/texmf-dist/tex/latex/base/textcomp.sty
Package: textcomp 2020/02/02 v2.0n Standard LaTeX package
)
\c@lstlisting=\count342

(/usr/share/texlive/texmf-dist/tex/latex/translations/translations-basic-dictio
nary-spanish.trsl
File: translations-basic-dictionary-spanish.trsl (spanish translation file `tra
nslations-basic-dictionary')
)
Package translations Info: loading dictionary `translations-basic-dictionary' f
or `spanish'. on input line 135.
<images/logo.png, id=4, 513.92pt x 342.27875pt>
File: images/logo.png Graphic file (type png)
<use images/logo.png>
Package pdftex.def Info: images/logo.png  used on input line 136.
(pdftex.def)             Requested size: 85.43616pt x 56.9055pt.
LaTeX Font Info:    Trying to load font information for U+msa on input line 136
.
 (/usr/share/texlive/texmf-dist/tex/latex/amsfonts/umsa.fd
File: umsa.fd 2013/01/14 v3.01 AMS symbols A
)
LaTeX Font Info:    Trying to load font information for U+msb on input line 136
.

(/usr/share/texlive/texmf-dist/tex/latex/amsfonts/umsb.fd
File: umsb.fd 2013/01/14 v3.01 AMS symbols B
) [1

{/var/lib/texmf/fonts/map/pdftex/updmap/pdftex.map} <./images/logo.png>]
File: images/logo.png Graphic file (type png)
<use images/logo.png>
Package pdftex.def Info: images/logo.png  used on input line 139.
(pdftex.def)             Requested size: 85.43616pt x 56.9055pt.
File: images/logo.png Graphic file (type png)
<use images/logo.png>
Package pdftex.def Info: images/logo.png  used on input line 158.
(pdftex.def)             Requested size: 85.43616pt x 56.9055pt.
 [1] [2] [3]
(/usr/share/texmf/tex/latex/CJK/UTF8/UTF8.bdg
File: UTF8.bdg 2021/10/16 4.8.5
)
(/usr/share/texmf/tex/latex/CJK/UTF8/UTF8.enc
File: UTF8.enc 2021/10/16 4.8.5
)
(/usr/share/texmf/tex/latex/CJK/UTF8/UTF8.chr
File: UTF8.chr 2021/10/16 4.8.5
)
LaTeX Font Info:    Trying to load font information for C70+min on input line 2
52.

(/usr/share/texmf/tex/latex/CJK/UTF8/c70min.fd
File: c70min.fd 2008/12/29 4.8.2
)
(/usr/share/texmf/tex/latex/CJK/UTF8/c70min.fdx
File: c70min.fdx 2008/12/29 4.8.2
)

LaTeX Font Warning: Font shape `C70/min/m/it' undefined
(Font)              using `C70/min/m/n' instead on input line 252.

[4] (./Tesis.toc
LaTeX Info: Redefining \. on input line 1.
LaTeX Info: Redefining \% on input line 1.
 [5

] [6])
\tf@toc=\write4
\openout4 = `Tesis.toc'.

 [7]
LaTeX Font Info:    Trying to load font information for U+lasy on input line 33
7.

(/usr/share/texlive/texmf-dist/tex/latex/base/ulasy.fd
File: ulasy.fd 1998/08/17 v2.2e LaTeX symbol font definitions
) [8] [9]
Capítulo I.
[10

] [11] [12] [13] [14] [15] [16]
Capítulo II.

Underfull \hbox (badness 10000) in paragraph at lines 876--886

 []

[17

] [18] [19] [20] [21] [22] [23] [24] [25] [26] [27]
Capítulo III.
[28

] [29] [30] [31]
Capítulo IV.
LaTeX Font Info:    Trying to load font information for TS1+cmtt on input line 
1895.
(/usr/share/texlive/texmf-dist/tex/latex/base/ts1cmtt.fd
File: ts1cmtt.fd 2023/04/13 v2.5m Standard LaTeX font definitions
) [32

] [33{/usr/share/texmf/fonts/enc/dvips/cm-super/cm-super-ts1.enc}] [34] [35]
Capítulo V.

Overfull \hbox (24.34554pt too wide) in paragraph at lines 2060--2085
 [] 
 []


Overfull \hbox (10.7067pt too wide) in paragraph at lines 2103--2128
 [] 
 []

[36

] [37] [38]
Overfull \hbox (26.18402pt too wide) in paragraph at lines 2240--2278
 [] 
 []

[39]
Underfull \hbox (badness 4940) in paragraph at lines 2326--2326
[]|\OT1/cmr/m/n/12 2, 4, 6, 11, 12, 13,
 []


Underfull \hbox (badness 10000) in paragraph at lines 2326--2326
\OT1/cmr/m/n/12 Q17(idx), 18, Q19($[]$),
 []


Underfull \hbox (badness 10000) in paragraph at lines 2327--2327
\OT1/cmr/m/n/12 Q17(idx), 18, Q19($[]$),
 []


Underfull \hbox (badness 10000) in paragraph at lines 2329--2329
[]|\OT1/cmr/m/n/12 Q6(idx), Q17(idx),
 []


Underfull \hbox (badness 10000) in paragraph at lines 2330--2330
[]|\OT1/cmr/m/n/12 Q2(idx), Q17(idx) y
 []


Underfull \hbox (badness 10000) in paragraph at lines 2331--2331
[]|\OT1/cmr/m/n/12 Q2(idx), Q6(idx),
 []


Underfull \hbox (badness 10000) in paragraph at lines 2331--2331
\OT1/cmr/m/n/12 Q11(idx), Q18($[]$),
 []

<images/Tiempo-1G.png, id=156, 867.24pt x 650.43pt>
File: images/Tiempo-1G.png Graphic file (type png)
<use images/Tiempo-1G.png>
Package pdftex.def Info: images/Tiempo-1G.png  used on input line 2345.
(pdftex.def)             Requested size: 250.24199pt x 187.67702pt.
<images/Tiempo-2G.png, id=157, 867.24pt x 650.43pt>
File: images/Tiempo-2G.png Graphic file (type png)
<use images/Tiempo-2G.png>
Package pdftex.def Info: images/Tiempo-2G.png  used on input line 2346.
(pdftex.def)             Requested size: 250.24199pt x 187.67702pt.

Overfull \hbox (2.61107pt too wide) in paragraph at lines 2345--2347
[][] [] 
 []

[40


 <./images/Tiempo-1G.png (PNG copy)> <./images/Tiempo-2G.png (PNG copy)>]
<images/Tiempo-5G.png, id=161, 867.24pt x 650.43pt>
File: images/Tiempo-5G.png Graphic file (type png)
<use images/Tiempo-5G.png>
Package pdftex.def Info: images/Tiempo-5G.png  used on input line 2412.
(pdftex.def)             Requested size: 250.24199pt x 187.67702pt.
<images/Tiempo-10G.png, id=162, 867.24pt x 650.43pt>
File: images/Tiempo-10G.png Graphic file (type png)
<use images/Tiempo-10G.png>
Package pdftex.def Info: images/Tiempo-10G.png  used on input line 2413.
(pdftex.def)             Requested size: 250.24199pt x 187.67702pt.

Overfull \hbox (2.61107pt too wide) in paragraph at lines 2412--2414
[][] [] 
 []

[41]
Overfull \hbox (19.8416pt too wide) in paragraph at lines 2448--2449
[]\OT1/cmtt/m/n/12 q19i2 ON lineitem[]by[]part (l[]partkey, l[]quantity, l[]shi
pmode, l[]shipinstruct) 
 []


Overfull \hbox (16.3848pt too wide) in paragraph at lines 2452--2462
[]\OT1/cmr/m/n/12 Adicionalmente, la con-sul-ta Q19($[]$) co-loca las ta-blas (
al cam-biar \OT1/cmtt/m/n/12 lineitem \OT1/cmr/m/n/12 por \OT1/cmtt/m/n/12 line
item[]by[]part\OT1/cmr/m/n/12 )
 []

[42 <./images/Tiempo-5G.png (PNG copy)> <./images/Tiempo-10G.png (PNG copy)>]
<images/Tiempo-20G.png, id=171, 867.24pt x 650.43pt>
File: images/Tiempo-20G.png Graphic file (type png)
<use images/Tiempo-20G.png>
Package pdftex.def Info: images/Tiempo-20G.png  used on input line 2473.
(pdftex.def)             Requested size: 250.24199pt x 187.67702pt.
<images/Tiempo-50G.png, id=172, 867.24pt x 650.43pt>
File: images/Tiempo-50G.png Graphic file (type png)
<use images/Tiempo-50G.png>
Package pdftex.def Info: images/Tiempo-50G.png  used on input line 2474.
(pdftex.def)             Requested size: 250.24199pt x 187.67702pt.

Overfull \hbox (2.61107pt too wide) in paragraph at lines 2473--2475
[][] [] 
 []

[43 <./images/Tiempo-20G.png (PNG copy)> <./images/Tiempo-50G.png (PNG copy)>]
[44]
<images/mejorasT.png, id=179, 867.24pt x 650.43pt>
File: images/mejorasT.png Graphic file (type png)
<use images/mejorasT.png>
Package pdftex.def Info: images/mejorasT.png  used on input line 2595.
(pdftex.def)             Requested size: 500.484pt x 375.36395pt.
 [45 <./images/mejorasT.png (PNG copy)>] [46] [47] [48] [49]
Overfull \hbox (46.86742pt too wide) in paragraph at lines 2861--2900
 [] 
 []

[50]
<images/Neto-1G.png, id=200, 867.24pt x 650.43pt>
File: images/Neto-1G.png Graphic file (type png)
<use images/Neto-1G.png>
Package pdftex.def Info: images/Neto-1G.png  used on input line 2944.
(pdftex.def)             Requested size: 250.24199pt x 187.67702pt.
<images/Neto-2G.png, id=201, 867.24pt x 650.43pt>
File: images/Neto-2G.png Graphic file (type png)
<use images/Neto-2G.png>
Package pdftex.def Info: images/Neto-2G.png  used on input line 2945.
(pdftex.def)             Requested size: 250.24199pt x 187.67702pt.

Overfull \hbox (2.61107pt too wide) in paragraph at lines 2944--2946
[][] [] 
 []

<images/Neto-5G.png, id=202, 867.24pt x 650.43pt>
File: images/Neto-5G.png Graphic file (type png)
<use images/Neto-5G.png>
Package pdftex.def Info: images/Neto-5G.png  used on input line 3001.
(pdftex.def)             Requested size: 250.24199pt x 187.67702pt.
<images/Neto-10G.png, id=203, 867.24pt x 650.43pt>
File: images/Neto-10G.png Graphic file (type png)
<use images/Neto-10G.png>
Package pdftex.def Info: images/Neto-10G.png  used on input line 3002.
(pdftex.def)             Requested size: 250.24199pt x 187.67702pt.

Overfull \hbox (2.61107pt too wide) in paragraph at lines 3001--3003
[][] [] 
 []

[51


 <./images/Neto-1G.png (PNG copy)> <./images/Neto-2G.png (PNG copy)>]
<images/Neto-20G.png, id=207, 867.24pt x 650.43pt>
File: images/Neto-20G.png Graphic file (type png)
<use images/Neto-20G.png>
Package pdftex.def Info: images/Neto-20G.png  used on input line 3008.
(pdftex.def)             Requested size: 250.24199pt x 187.67702pt.
<images/Neto-50G.png, id=208, 867.24pt x 650.43pt>
File: images/Neto-50G.png Graphic file (type png)
<use images/Neto-50G.png>
Package pdftex.def Info: images/Neto-50G.png  used on input line 3009.
(pdftex.def)             Requested size: 250.24199pt x 187.67702pt.

Overfull \hbox (2.61107pt too wide) in paragraph at lines 3008--3010
[][] [] 
 []

[52 <./images/Neto-5G.png (PNG copy)> <./images/Neto-10G.png (PNG copy)> <./ima
ges/Neto-20G.png (PNG copy)> <./images/Neto-50G.png (PNG copy)>]
Underfull \hbox (badness 10000) in paragraph at lines 3093--3093
[]|\OT1/cmr/m/n/12 Consumo in-ter-me-dias
 []


Underfull \hbox (badness 4940) in paragraph at lines 3096--3096
[]|\OT1/cmr/m/n/12 2, 4, 6, 11, 12, 13,
 []


Underfull \hbox (badness 10000) in paragraph at lines 3096--3096
\OT1/cmr/m/n/12 Q17(idx), 18,Q19($[]$),
 []


Underfull \hbox (badness 10000) in paragraph at lines 3097--3097
\OT1/cmr/m/n/12 Q17(idx), 18, Q19($[]$),
 []


Underfull \hbox (badness 10000) in paragraph at lines 3098--3098
\OT1/cmr/m/n/12 Q18($[]$), Q19($[]$) y
 []


Underfull \hbox (badness 10000) in paragraph at lines 3099--3099
[]|\OT1/cmr/m/n/12 Q6(idx), Q11(idx),
 []

[53]
Overfull \hbox (2.2275pt too wide) in paragraph at lines 3117--3118
[]|\OT1/cmr/m/n/12 Carga
 []


Underfull \hbox (badness 1708) in paragraph at lines 3118--3118
[]|\OT1/cmr/m/n/12 Consumo in-ter-me-dias ($1 \OMS/cmsy/m/n/12 ^^T
 []


Underfull \hbox (badness 10000) in paragraph at lines 3118--3118
[]|\OT1/cmr/m/n/12 Consumo al-to
 []


Underfull \hbox (badness 10000) in paragraph at lines 3124--3124
[]|\OT1/cmr/m/n/12 Q3(idx), Q5(idx), Q7(idx),
 []


Underfull \hbox (badness 3281) in paragraph at lines 3124--3124
\OT1/cmr/m/n/12 Q8(idx), Q9(idx), Q10(idx),
 []


Underfull \hbox (badness 2165) in paragraph at lines 3124--3124
\OT1/cmr/m/n/12 Q9, Q10, Q15,
 []


Underfull \hbox (badness 10000) in paragraph at lines 3116--3127
[][]
 []

<images/Coordinador-1G.png, id=215, 867.24pt x 650.43pt>
File: images/Coordinador-1G.png Graphic file (type png)
<use images/Coordinador-1G.png>
Package pdftex.def Info: images/Coordinador-1G.png  used on input line 3130.
(pdftex.def)             Requested size: 245.2399pt x 183.92546pt.
<images/Coordinador-2G.png, id=216, 867.24pt x 650.43pt>
File: images/Coordinador-2G.png Graphic file (type png)
<use images/Coordinador-2G.png>
Package pdftex.def Info: images/Coordinador-2G.png  used on input line 3131.
(pdftex.def)             Requested size: 245.2399pt x 183.92546pt.
[54]
<images/Coordinador-5G.png, id=221, 867.24pt x 650.43pt>
File: images/Coordinador-5G.png Graphic file (type png)
<use images/Coordinador-5G.png>
Package pdftex.def Info: images/Coordinador-5G.png  used on input line 3138.
(pdftex.def)             Requested size: 245.2399pt x 183.92546pt.
<images/Coordinador-10G.png, id=222, 867.24pt x 650.43pt>
File: images/Coordinador-10G.png Graphic file (type png)
<use images/Coordinador-10G.png>
Package pdftex.def Info: images/Coordinador-10G.png  used on input line 3139.
(pdftex.def)             Requested size: 245.2399pt x 183.92546pt.
<images/Coordinador-20G.png, id=223, 867.24pt x 650.43pt>
File: images/Coordinador-20G.png Graphic file (type png)
<use images/Coordinador-20G.png>
Package pdftex.def Info: images/Coordinador-20G.png  used on input line 3146.
(pdftex.def)             Requested size: 245.2399pt x 183.92546pt.
<images/Coordinador-50G.png, id=224, 867.24pt x 650.43pt>
File: images/Coordinador-50G.png Graphic file (type png)
<use images/Coordinador-50G.png>
Package pdftex.def Info: images/Coordinador-50G.png  used on input line 3147.
(pdftex.def)             Requested size: 245.2399pt x 183.92546pt.
 [55 <./images/Coordinador-1G.png (PNG copy)> <./images/Coordinador-2G.png (PNG
 copy)> <./images/Coordinador-5G.png (PNG copy)> <./images/Coordinador-10G.png 
(PNG copy)> <./images/Coordinador-20G.png (PNG copy)> <./images/Coordinador-50G
.png (PNG copy)>] [56] [57] [58] [59] [60] (./Tesis.bbl [61] [62

] [63]
Underfull \hbox (badness 3954) in paragraph at lines 244--247
[]\OT1/cmr/m/n/12 Hubblo, ``hubblo-org/scaphandre,'' Sep. 2025. [On-li-ne]. Ava
i-la-ble:
 []

LaTeX Font Info:    Trying to load font information for OMS+cmr on input line 2
50.
(/usr/share/texlive/texmf-dist/tex/latex/base/omscmr.fd
File: omscmr.fd 2023/04/13 v2.5m Standard LaTeX font definitions
)
LaTeX Font Info:    Font shape `OMS/cmr/m/n' in size <12> not available
(Font)              Font shape `OMS/cmsy/m/n' tried instead on input line 250.

Underfull \hbox (badness 2229) in paragraph at lines 250--253
[]\OT1/cmr/m/n/12 SoundCloud, ``Over-view \OMS/cmsy/m/n/12 j \OT1/cmr/m/n/12 Pr
o-metheus,'' 2016. [On-li-ne]. Avai-la-ble:
 []


Underfull \hbox (badness 1048) in paragraph at lines 256--260
[]\OT1/cmr/m/n/12 Transaction Pro-ces-sing Per-for-man-ce Coun-cil (TPC), ``TPC
 Bench-mark
 []

** WARNING: IEEEtran.bst: No hyphenation pattern has been
** loaded for the language `eng'. Using the pattern for
** the default language instead.
[64] [65]
** WARNING: IEEEtran.bst: No hyphenation pattern has been
** loaded for the language `en'. Using the pattern for
** the default language instead.
** WARNING: IEEEtran.bst: No hyphenation pattern has been
** loaded for the language `en'. Using the pattern for
** the default language instead.
[66]
Underfull \hbox (badness 5022) in paragraph at lines 473--476
[]\OT1/cmr/m/n/12 MyBatis, ``mybatis/jpetstore-6,'' Sep. 2025. [On-li-ne]. Avai
-la-ble:
 []

** WARNING: IEEEtran.bst: No hyphenation pattern has been
** loaded for the language `en'. Using the pattern for
** the default language instead.
** WARNING: IEEEtran.bst: No hyphenation pattern has been
** loaded for the language `en'. Using the pattern for
** the default language instead.
** WARNING: IEEEtran.bst: No hyphenation pattern has been
** loaded for the language `en-us'. Using the pattern for
** the default language instead.
** WARNING: IEEEtran.bst: No hyphenation pattern has been
** loaded for the language `en-US'. Using the pattern for
** the default language instead.

Underfull \hbox (badness 1107) in paragraph at lines 527--530
[]\OT1/cmr/m/n/12 PARSA EPFL, ``parsa-epfl/cloudsuite,'' Aug. 2025. [On-li-ne].
 Avai-la-ble:
 []

[67]
** WARNING: IEEEtran.bst: No hyphenation pattern has been
** loaded for the language `English'. Using the pattern for
** the default language instead.

Underfull \hbox (badness 7415) in paragraph at lines 617--620
[]\OT1/cmr/m/n/12 Mlco2, ``ml-co2/codecarbon,'' Sep. 2025. [On-li-ne]. Avai-la-
ble:
 []


Underfull \hbox (badness 3118) in paragraph at lines 633--636
[]\OT1/cmr/m/n/12 kliu20, ``kliu20/jRAPL at gh-pages,'' 2014. [On-li-ne]. Avai-
la-ble:
 []

[68] [69]
Underfull \hbox (badness 10000) in paragraph at lines 754--758
[]\OT1/cmr/m/n/12 Intel, ``Run-ning Ave-ra-ge Po-wer Li-mit Energy Re-
 []


Underfull \hbox (badness 10000) in paragraph at lines 754--758
\OT1/cmr/m/n/12 por-ting CVE-2020-8694,...'' 2022. [On-li-ne]. Avai-la-ble:
 []


Underfull \hbox (badness 10000) in paragraph at lines 754--758
\OT1/cmr/m/n/12 https://www.intel.com/content/www/us/en/developer/articles/tech
nical/software-
 []


Underfull \hbox (badness 1152) in paragraph at lines 804--807
[]\OT1/cmr/m/n/12 F. S. Foun-da-tion, \OT1/cmr/m/it/12 GNU Wget ma-nual\OT1/cmr
/m/n/12 , 2023. [On-li-ne]. Avai-la-ble:
 []

[70]
Underfull \hbox (badness 3657) in paragraph at lines 846--850
[]\OT1/cmr/m/n/12 Prometheus Authors, \OT1/cmr/m/it/12 Best prac-ti-ces: Ins-tr
u-men-ta-tion - High-
 []

) [71]
Ap\'{e}ndice A.
[72

] [73]
<images/Q7.png, id=287, 470.75874pt x 549.05125pt>
File: images/Q7.png Graphic file (type png)
<use images/Q7.png>
Package pdftex.def Info: images/Q7.png  used on input line 3571.
(pdftex.def)             Requested size: 165.16063pt x 192.63159pt.
<images/Q8.png, id=289, 465.74pt x 581.17125pt>
File: images/Q8.png Graphic file (type png)
<use images/Q8.png>
Package pdftex.def Info: images/Q8.png  used on input line 3572.
(pdftex.def)             Requested size: 165.16063pt x 206.0911pt.
<images/Q9.png, id=290, 593.21625pt x 488.82625pt>
File: images/Q9.png Graphic file (type png)
<use images/Q9.png>
Package pdftex.def Info: images/Q9.png  used on input line 3573.
(pdftex.def)             Requested size: 165.16063pt x 136.09468pt.
<images/Q17.png, id=291, 394.47375pt x 315.1775pt>
File: images/Q17.png Graphic file (type png)
<use images/Q17.png>
Package pdftex.def Info: images/Q17.png  used on input line 3585.
(pdftex.def)             Requested size: 250.24199pt x 199.93831pt.
<images/Q20.png, id=292, 378.41376pt x 538.01pt>
File: images/Q20.png Graphic file (type png)
<use images/Q20.png>
Package pdftex.def Info: images/Q20.png  used on input line 3586.
(pdftex.def)             Requested size: 250.24199pt x 355.78549pt.

Overfull \hbox (2.61107pt too wide) in paragraph at lines 3585--3587
[][] [] 
 []

<images/Q2.png, id=293, 522.95375pt x 573.14125pt>
File: images/Q2.png Graphic file (type png)
<use images/Q2.png>
Package pdftex.def Info: images/Q2.png  used on input line 3592.
(pdftex.def)             Requested size: 165.16063pt x 181.0127pt.
<images/Q6.png, id=294, 419.5675pt x 178.6675pt>
File: images/Q6.png Graphic file (type png)
<use images/Q6.png>
Package pdftex.def Info: images/Q6.png  used on input line 3593.
(pdftex.def)             Requested size: 165.16063pt x 70.3316pt.
<images/Q19.png, id=295, 417.56pt x 323.2075pt>
File: images/Q19.png Graphic file (type png)
<use images/Q19.png>
Package pdftex.def Info: images/Q19.png  used on input line 3594.
(pdftex.def)             Requested size: 165.16063pt x 127.84064pt.
<images/Q11.png, id=296, 524.96124pt x 505.89pt>
File: images/Q11.png Graphic file (type png)
<use images/Q11.png>
Package pdftex.def Info: images/Q11.png  used on input line 3600.
(pdftex.def)             Requested size: 165.16063pt x 159.15549pt.
<images/Q18.png, id=297, 556.0775pt x 605.26125pt>
File: images/Q18.png Graphic file (type png)
<use images/Q18.png>
Package pdftex.def Info: images/Q18.png  used on input line 3601.
(pdftex.def)             Requested size: 165.16063pt x 179.7696pt.
<images/Q22.png, id=298, 435.6275pt x 564.1075pt>
File: images/Q22.png Graphic file (type png)
<use images/Q22.png>
Package pdftex.def Info: images/Q22.png  used on input line 3602.
(pdftex.def)             Requested size: 165.16063pt x 213.86383pt.
[74 <./images/Q7.png> <./images/Q8.png> <./images/Q9.png> <./images/Q2.png> <./
images/Q6.png> <./images/Q19.png>] [75 <./images/Q17.png> <./images/Q20.png>]
<images/Q1.png, id=313, 611.28375pt x 384.43625pt>
File: images/Q1.png Graphic file (type png)
<use images/Q1.png>
Package pdftex.def Info: images/Q1.png  used on input line 3608.
(pdftex.def)             Requested size: 165.16063pt x 103.86955pt.
<images/Q01.png, id=314, 557.08125pt x 589.20125pt>
File: images/Q01.png Graphic file (type png)
<use images/Q01.png>
Package pdftex.def Info: images/Q01.png  used on input line 3609.
(pdftex.def)             Requested size: 165.16063pt x 174.67593pt.
<images/Q5.png, id=315, 468.75125pt x 430.60875pt>
File: images/Q5.png Graphic file (type png)
<use images/Q5.png>
Package pdftex.def Info: images/Q5.png  used on input line 3610.
(pdftex.def)             Requested size: 165.16063pt x 151.7206pt.
<images/Q13.png, id=316, 619.31375pt x 332.24126pt>
File: images/Q13.png Graphic file (type png)
<use images/Q13.png>
Package pdftex.def Info: images/Q13.png  used on input line 3616.
(pdftex.def)             Requested size: 250.24199pt x 134.24771pt.
<images/Q013.png, id=317, 619.31375pt x 364.36125pt>
File: images/Q013.png Graphic file (type png)
<use images/Q013.png>
Package pdftex.def Info: images/Q013.png  used on input line 3617.
(pdftex.def)             Requested size: 250.24199pt x 147.22635pt.

Overfull \hbox (2.61107pt too wide) in paragraph at lines 3616--3618
[][] [] 
 []

<images/Q16.png, id=318, 524.96124pt x 539.01375pt>
File: images/Q16.png Graphic file (type png)
<use images/Q16.png>
Package pdftex.def Info: images/Q16.png  used on input line 3623.
(pdftex.def)             Requested size: 250.24199pt x 256.9389pt.
<images/Q016.png, id=319, 421.575pt x 595.22375pt>
File: images/Q016.png Graphic file (type png)
<use images/Q016.png>
Package pdftex.def Info: images/Q016.png  used on input line 3624.
(pdftex.def)             Requested size: 250.24199pt x 353.32242pt.

Overfull \hbox (2.61107pt too wide) in paragraph at lines 3623--3625
[][] [] 
 []

[76 <./images/Q11.png> <./images/Q18.png> <./images/Q22.png> <./images/Q1.png> 
<./images/Q01.png> <./images/Q5.png> <./images/Q13.png> <./images/Q013.png>]
<images/joins.png, id=331, 511.9125pt x 558.085pt>
File: images/joins.png Graphic file (type png)
<use images/joins.png>
Package pdftex.def Info: images/joins.png  used on input line 3631.
(pdftex.def)             Requested size: 250.24199pt x 272.80833pt.

[77 <./images/Q16.png> <./images/Q016.png>]
<images/Q3.png, id=337, 453.695pt x 368.37625pt>
File: images/Q3.png Graphic file (type png)
<use images/Q3.png>
Package pdftex.def Info: images/Q3.png  used on input line 3637.
(pdftex.def)             Requested size: 250.24199pt x 203.1809pt.
<images/Q4.png, id=338, 448.67625pt x 344.28625pt>
File: images/Q4.png Graphic file (type png)
<use images/Q4.png>
Package pdftex.def Info: images/Q4.png  used on input line 3638.
(pdftex.def)             Requested size: 250.24199pt x 192.02147pt.

Overfull \hbox (2.61107pt too wide) in paragraph at lines 3637--3639
[][] [] 
 []

<images/Q10.png, id=339, 461.725pt x 503.8825pt>
File: images/Q10.png Graphic file (type png)
<use images/Q10.png>
Package pdftex.def Info: images/Q10.png  used on input line 3644.
(pdftex.def)             Requested size: 250.24199pt x 273.09201pt.
<images/Q14.png, id=340, 503.8825pt x 234.8775pt>
File: images/Q14.png Graphic file (type png)
<use images/Q14.png>
Package pdftex.def Info: images/Q14.png  used on input line 3645.
(pdftex.def)             Requested size: 250.24199pt x 116.64641pt.

Overfull \hbox (2.61107pt too wide) in paragraph at lines 3644--3646
[][] [] 
 []

[78 <./images/joins.png> <./images/Q3.png> <./images/Q4.png>] [79 <./images/Q10
.png> <./images/Q14.png>]
Ap\'{e}ndice B.
(/usr/share/texlive/texmf-dist/tex/latex/listings/lstlang1.sty
File: lstlang1.sty 2023/02/27 1.9 listings language file
)
(/usr/share/texlive/texmf-dist/tex/latex/listings/lstlang1.sty
File: lstlang1.sty 2023/02/27 1.9 listings language file
)
(./scripts/scaphandre.sh) (./scripts/prometheus.sh) (./scripts/prometheus.yml)
(./scripts/prometheus-check.sh [80

]) (./scripts/jq.sh) (./scripts/dbgen.sh)
(./scripts/citus.sh [81]) (./scripts/pg_hba.conf) (./scripts/citus1.sh)
[82]
Ap\'{e}ndice C.
[83

]
Overfull \hbox (4.3329pt too wide) in paragraph at lines 3817--3843
[][] 
 []

[84] [85] [86] [87] [88]
Ap\'{e}ndice D.
<images/Worker1-1G.png, id=384, 867.24pt x 650.43pt>
File: images/Worker1-1G.png Graphic file (type png)
<use images/Worker1-1G.png>
Package pdftex.def Info: images/Worker1-1G.png  used on input line 3952.
(pdftex.def)             Requested size: 250.24199pt x 187.67702pt.
<images/Worker1-2G.png, id=385, 867.24pt x 650.43pt>
File: images/Worker1-2G.png Graphic file (type png)
<use images/Worker1-2G.png>
Package pdftex.def Info: images/Worker1-2G.png  used on input line 3953.
(pdftex.def)             Requested size: 250.24199pt x 187.67702pt.

Overfull \hbox (2.61107pt too wide) in paragraph at lines 3952--3955
[][] [] 
 []

<images/Worker1-5G.png, id=386, 867.24pt x 650.43pt>
File: images/Worker1-5G.png Graphic file (type png)
<use images/Worker1-5G.png>
Package pdftex.def Info: images/Worker1-5G.png  used on input line 3969.
(pdftex.def)             Requested size: 250.24199pt x 187.67702pt.
<images/Worker1-10G.png, id=387, 867.24pt x 650.43pt>
File: images/Worker1-10G.png Graphic file (type png)
<use images/Worker1-10G.png>
Package pdftex.def Info: images/Worker1-10G.png  used on input line 3970.
(pdftex.def)             Requested size: 250.24199pt x 187.67702pt.

Overfull \hbox (2.61107pt too wide) in paragraph at lines 3969--3972
[][] [] 
 []

[89

 <./images/Worker1-1G.png (PNG copy)> <./images/Worker1-2G.png (PNG copy)>]
<images/Worker1-20G.png, id=391, 867.24pt x 650.43pt>
File: images/Worker1-20G.png Graphic file (type png)
<use images/Worker1-20G.png>
Package pdftex.def Info: images/Worker1-20G.png  used on input line 3988.
(pdftex.def)             Requested size: 250.24199pt x 187.67702pt.
<images/Worker1-50G.png, id=392, 867.24pt x 650.43pt>
File: images/Worker1-50G.png Graphic file (type png)
<use images/Worker1-50G.png>
Package pdftex.def Info: images/Worker1-50G.png  used on input line 3989.
(pdftex.def)             Requested size: 250.24199pt x 187.67702pt.

Overfull \hbox (2.61107pt too wide) in paragraph at lines 3988--3991
[][] [] 
 []

[90 <./images/Worker1-5G.png (PNG copy)> <./images/Worker1-10G.png (PNG copy)> 
<./images/Worker1-20G.png (PNG copy)> <./images/Worker1-50G.png (PNG copy)>]
<images/Worker2-1G.png, id=397, 867.24pt x 650.43pt>
File: images/Worker2-1G.png Graphic file (type png)
<use images/Worker2-1G.png>
Package pdftex.def Info: images/Worker2-1G.png  used on input line 4016.
(pdftex.def)             Requested size: 250.24199pt x 187.67702pt.
<images/Worker2-2G.png, id=398, 867.24pt x 650.43pt>
File: images/Worker2-2G.png Graphic file (type png)
<use images/Worker2-2G.png>
Package pdftex.def Info: images/Worker2-2G.png  used on input line 4017.
(pdftex.def)             Requested size: 250.24199pt x 187.67702pt.

Overfull \hbox (2.61107pt too wide) in paragraph at lines 4016--4019
[][] [] 
 []

<images/Worker2-5G.png, id=399, 867.24pt x 650.43pt>
File: images/Worker2-5G.png Graphic file (type png)
<use images/Worker2-5G.png>
Package pdftex.def Info: images/Worker2-5G.png  used on input line 4035.
(pdftex.def)             Requested size: 250.24199pt x 187.67702pt.
<images/Worker2-10G.png, id=400, 867.24pt x 650.43pt>
File: images/Worker2-10G.png Graphic file (type png)
<use images/Worker2-10G.png>
Package pdftex.def Info: images/Worker2-10G.png  used on input line 4036.
(pdftex.def)             Requested size: 250.24199pt x 187.67702pt.

Overfull \hbox (2.61107pt too wide) in paragraph at lines 4035--4038
[][] [] 
 []

[91 <./images/Worker2-1G.png (PNG copy)> <./images/Worker2-2G.png (PNG copy)> <
./images/Worker2-5G.png (PNG copy)> <./images/Worker2-10G.png (PNG copy)>]
<images/Worker2-20G.png, id=404, 867.24pt x 650.43pt>
File: images/Worker2-20G.png Graphic file (type png)
<use images/Worker2-20G.png>
Package pdftex.def Info: images/Worker2-20G.png  used on input line 4054.
(pdftex.def)             Requested size: 250.24199pt x 187.67702pt.
<images/Worker2-50G.png, id=405, 867.24pt x 650.43pt>
File: images/Worker2-50G.png Graphic file (type png)
<use images/Worker2-50G.png>
Package pdftex.def Info: images/Worker2-50G.png  used on input line 4055.
(pdftex.def)             Requested size: 250.24199pt x 187.67702pt.

Overfull \hbox (2.61107pt too wide) in paragraph at lines 4054--4057
[][] [] 
 []

[92 <./images/Worker2-20G.png (PNG copy)> <./images/Worker2-50G.png (PNG copy)>
]
Ap\'{e}ndice E.
<images/Dispersión-Neto-1G-SD.png, id=409, 481.8pt x 481.8pt>
File: images/Dispersión-Neto-1G-SD.png Graphic file (type png)
<use images/Dispersión-Neto-1G-SD.png>
Package pdftex.def Info: images/Dispersión-Neto-1G-SD.png  used on input line 
4069.
(pdftex.def)             Requested size: 250.24199pt x 250.23601pt.
<images/Dispersión-Neto-2G-SD.png, id=410, 481.8pt x 481.8pt>
File: images/Dispersión-Neto-2G-SD.png Graphic file (type png)
<use images/Dispersión-Neto-2G-SD.png>
Package pdftex.def Info: images/Dispersión-Neto-2G-SD.png  used on input line 
4070.
(pdftex.def)             Requested size: 250.24199pt x 250.23601pt.

Overfull \hbox (2.61107pt too wide) in paragraph at lines 4069--4071
[][] [] 
 []

<images/Dispersión-Neto-5G-SD.png, id=411, 481.8pt x 481.8pt>
File: images/Dispersión-Neto-5G-SD.png Graphic file (type png)
<use images/Dispersión-Neto-5G-SD.png>
Package pdftex.def Info: images/Dispersión-Neto-5G-SD.png  used on input line 
4076.
(pdftex.def)             Requested size: 250.24199pt x 250.23601pt.
<images/Dispersión-Neto-10G-SD.png, id=412, 481.8pt x 481.8pt>
File: images/Dispersión-Neto-10G-SD.png Graphic file (type png)
<use images/Dispersión-Neto-10G-SD.png>
Package pdftex.def Info: images/Dispersión-Neto-10G-SD.png  used on input line
 4077.
(pdftex.def)             Requested size: 250.24199pt x 250.23601pt.

Overfull \hbox (2.61107pt too wide) in paragraph at lines 4076--4078
[][] [] 
 []

[93

 <./images/Dispersión-Neto-1G-SD.png (PNG copy)> <./images/Dispersión-Neto-2G
-SD.png (PNG copy)>]
<images/Dispersión-Neto-20G-SD.png, id=416, 481.8pt x 481.8pt>
File: images/Dispersión-Neto-20G-SD.png Graphic file (type png)
<use images/Dispersión-Neto-20G-SD.png>
Package pdftex.def Info: images/Dispersión-Neto-20G-SD.png  used on input line
 4083.
(pdftex.def)             Requested size: 250.24199pt x 250.23601pt.
<images/Dispersión-Neto-50G-SD.png, id=417, 481.8pt x 481.8pt>
File: images/Dispersión-Neto-50G-SD.png Graphic file (type png)
<use images/Dispersión-Neto-50G-SD.png>
Package pdftex.def Info: images/Dispersión-Neto-50G-SD.png  used on input line
 4084.
(pdftex.def)             Requested size: 250.24199pt x 250.23601pt.

Overfull \hbox (2.61107pt too wide) in paragraph at lines 4083--4085
[][] [] 
 []

<images/Dispersión-Worker1-1G-SD.png, id=418, 481.8pt x 481.8pt>
File: images/Dispersión-Worker1-1G-SD.png Graphic file (type png)
<use images/Dispersión-Worker1-1G-SD.png>
Package pdftex.def Info: images/Dispersión-Worker1-1G-SD.png  used on input li
ne 4095.
(pdftex.def)             Requested size: 250.24199pt x 250.23601pt.
<images/Dispersión-Worker1-2G-SD.png, id=419, 481.8pt x 481.8pt>
File: images/Dispersión-Worker1-2G-SD.png Graphic file (type png)
<use images/Dispersión-Worker1-2G-SD.png>
Package pdftex.def Info: images/Dispersión-Worker1-2G-SD.png  used on input li
ne 4096.
(pdftex.def)             Requested size: 250.24199pt x 250.23601pt.

Overfull \hbox (2.61107pt too wide) in paragraph at lines 4095--4098
[][] [] 
 []

[94 <./images/Dispersión-Neto-5G-SD.png (PNG copy)> <./images/Dispersión-Neto
-10G-SD.png (PNG copy)> <./images/Dispersión-Neto-20G-SD.png (PNG copy)> <./im
ages/Dispersión-Neto-50G-SD.png (PNG copy)>]
<images/Dispersión-Worker1-5G-SD.png, id=423, 481.8pt x 481.8pt>
File: images/Dispersión-Worker1-5G-SD.png Graphic file (type png)
<use images/Dispersión-Worker1-5G-SD.png>
Package pdftex.def Info: images/Dispersión-Worker1-5G-SD.png  used on input li
ne 4103.
(pdftex.def)             Requested size: 250.24199pt x 250.23601pt.
<images/Dispersión-Worker1-10G-SD.png, id=424, 481.8pt x 481.8pt>
File: images/Dispersión-Worker1-10G-SD.png Graphic file (type png)
<use images/Dispersión-Worker1-10G-SD.png>
Package pdftex.def Info: images/Dispersión-Worker1-10G-SD.png  used on input l
ine 4104.
(pdftex.def)             Requested size: 250.24199pt x 250.23601pt.

Overfull \hbox (2.61107pt too wide) in paragraph at lines 4103--4106
[][] [] 
 []

<images/Dispersión-Worker1-20G-SD.png, id=425, 481.8pt x 481.8pt>
File: images/Dispersión-Worker1-20G-SD.png Graphic file (type png)
<use images/Dispersión-Worker1-20G-SD.png>
Package pdftex.def Info: images/Dispersión-Worker1-20G-SD.png  used on input l
ine 4111.
(pdftex.def)             Requested size: 250.24199pt x 250.23601pt.
<images/Dispersión-Worker1-50G-SD.png, id=426, 481.8pt x 481.8pt>
File: images/Dispersión-Worker1-50G-SD.png Graphic file (type png)
<use images/Dispersión-Worker1-50G-SD.png>
Package pdftex.def Info: images/Dispersión-Worker1-50G-SD.png  used on input l
ine 4112.
(pdftex.def)             Requested size: 250.24199pt x 250.23601pt.

Overfull \hbox (2.61107pt too wide) in paragraph at lines 4111--4114
[][] [] 
 []

[95 <./images/Dispersión-Worker1-1G-SD.png (PNG copy)> <./images/Dispersión-W
orker1-2G-SD.png (PNG copy)> <./images/Dispersión-Worker1-5G-SD.png (PNG copy)
> <./images/Dispersión-Worker1-10G-SD.png (PNG copy)>]
<images/Dispersión-Worker2-1G-SD.png, id=430, 481.8pt x 481.8pt>
File: images/Dispersión-Worker2-1G-SD.png Graphic file (type png)
<use images/Dispersión-Worker2-1G-SD.png>
Package pdftex.def Info: images/Dispersión-Worker2-1G-SD.png  used on input li
ne 4124.
(pdftex.def)             Requested size: 250.24199pt x 250.23601pt.
<images/Dispersión-Worker2-2G-SD.png, id=431, 481.8pt x 481.8pt>
File: images/Dispersión-Worker2-2G-SD.png Graphic file (type png)
<use images/Dispersión-Worker2-2G-SD.png>
Package pdftex.def Info: images/Dispersión-Worker2-2G-SD.png  used on input li
ne 4125.
(pdftex.def)             Requested size: 250.24199pt x 250.23601pt.

Overfull \hbox (2.61107pt too wide) in paragraph at lines 4124--4127
[][] [] 
 []

<images/Dispersión-Worker2-5G-SD.png, id=432, 481.8pt x 481.8pt>
File: images/Dispersión-Worker2-5G-SD.png Graphic file (type png)
<use images/Dispersión-Worker2-5G-SD.png>
Package pdftex.def Info: images/Dispersión-Worker2-5G-SD.png  used on input li
ne 4132.
(pdftex.def)             Requested size: 250.24199pt x 250.23601pt.
<images/Dispersión-Worker2-10G-SD.png, id=433, 481.8pt x 481.8pt>
File: images/Dispersión-Worker2-10G-SD.png Graphic file (type png)
<use images/Dispersión-Worker2-10G-SD.png>
Package pdftex.def Info: images/Dispersión-Worker2-10G-SD.png  used on input l
ine 4133.
(pdftex.def)             Requested size: 250.24199pt x 250.23601pt.

Overfull \hbox (2.61107pt too wide) in paragraph at lines 4132--4135
[][] [] 
 []

[96 <./images/Dispersión-Worker1-20G-SD.png (PNG copy)> <./images/Dispersión-
Worker1-50G-SD.png (PNG copy)> <./images/Dispersión-Worker2-1G-SD.png (PNG cop
y)> <./images/Dispersión-Worker2-2G-SD.png (PNG copy)>]
<images/Dispersión-Worker2-20G-SD.png, id=438, 481.8pt x 481.8pt>
File: images/Dispersión-Worker2-20G-SD.png Graphic file (type png)
<use images/Dispersión-Worker2-20G-SD.png>
Package pdftex.def Info: images/Dispersión-Worker2-20G-SD.png  used on input l
ine 4140.
(pdftex.def)             Requested size: 250.24199pt x 250.23601pt.
<images/Dispersión-Worker2-50G-SD.png, id=439, 481.8pt x 481.8pt>
File: images/Dispersión-Worker2-50G-SD.png Graphic file (type png)
<use images/Dispersión-Worker2-50G-SD.png>
Package pdftex.def Info: images/Dispersión-Worker2-50G-SD.png  used on input l
ine 4141.
(pdftex.def)             Requested size: 250.24199pt x 250.23601pt.

Overfull \hbox (2.61107pt too wide) in paragraph at lines 4140--4143
[][] [] 
 []

<images/Dispersión-Coordinador-1G-SD.png, id=440, 481.8pt x 481.8pt>
File: images/Dispersión-Coordinador-1G-SD.png Graphic file (type png)
<use images/Dispersión-Coordinador-1G-SD.png>
Package pdftex.def Info: images/Dispersión-Coordinador-1G-SD.png  used on inpu
t line 4153.
(pdftex.def)             Requested size: 250.24199pt x 250.23601pt.
<images/Dispersión-Coordinador-2G-SD.png, id=441, 481.8pt x 481.8pt>
File: images/Dispersión-Coordinador-2G-SD.png Graphic file (type png)
<use images/Dispersión-Coordinador-2G-SD.png>
Package pdftex.def Info: images/Dispersión-Coordinador-2G-SD.png  used on inpu
t line 4154.
(pdftex.def)             Requested size: 250.24199pt x 250.23601pt.

Overfull \hbox (2.61107pt too wide) in paragraph at lines 4153--4156
[][] [] 
 []

[97 <./images/Dispersión-Worker2-5G-SD.png (PNG copy)> <./images/Dispersión-W
orker2-10G-SD.png (PNG copy)> <./images/Dispersión-Worker2-20G-SD.png (PNG cop
y)> <./images/Dispersión-Worker2-50G-SD.png (PNG copy)>]
<images/Dispersión-Coordinador-5G-SD.png, id=445, 481.8pt x 481.8pt>
File: images/Dispersión-Coordinador-5G-SD.png Graphic file (type png)
<use images/Dispersión-Coordinador-5G-SD.png>
Package pdftex.def Info: images/Dispersión-Coordinador-5G-SD.png  used on inpu
t line 4161.
(pdftex.def)             Requested size: 250.24199pt x 250.23601pt.
<images/Dispersión-Coordinador-10G-SD.png, id=446, 481.8pt x 481.8pt>
File: images/Dispersión-Coordinador-10G-SD.png Graphic file (type png)
<use images/Dispersión-Coordinador-10G-SD.png>
Package pdftex.def Info: images/Dispersión-Coordinador-10G-SD.png  used on inp
ut line 4162.
(pdftex.def)             Requested size: 250.24199pt x 250.23601pt.

Overfull \hbox (2.61107pt too wide) in paragraph at lines 4161--4164
[][] [] 
 []

<images/Dispersión-Coordinador-20G-SD.png, id=447, 481.8pt x 481.8pt>
File: images/Dispersión-Coordinador-20G-SD.png Graphic file (type png)
<use images/Dispersión-Coordinador-20G-SD.png>
Package pdftex.def Info: images/Dispersión-Coordinador-20G-SD.png  used on inp
ut line 4169.
(pdftex.def)             Requested size: 250.24199pt x 250.23601pt.
<images/Dispersión-Coordinador-50G-SD.png, id=448, 481.8pt x 481.8pt>
File: images/Dispersión-Coordinador-50G-SD.png Graphic file (type png)
<use images/Dispersión-Coordinador-50G-SD.png>
Package pdftex.def Info: images/Dispersión-Coordinador-50G-SD.png  used on inp
ut line 4170.
(pdftex.def)             Requested size: 250.24199pt x 250.23601pt.

Overfull \hbox (2.61107pt too wide) in paragraph at lines 4169--4172
[][] [] 
 []

[98 <./images/Dispersión-Coordinador-1G-SD.png (PNG copy)> <./images/Dispersi�
�n-Coordinador-2G-SD.png (PNG copy)> <./images/Dispersión-Coordinador-5G-SD.pn
g (PNG copy)> <./images/Dispersión-Coordinador-10G-SD.png (PNG copy)>]
[99 <./images/Dispersión-Coordinador-20G-SD.png (PNG copy)> <./images/Dispersi
ón-Coordinador-50G-SD.png (PNG copy)>]
Ap\'{e}ndice F.
<images/Dispersión-Neto-1G-CD.png, id=456, 481.8pt x 481.8pt>
File: images/Dispersión-Neto-1G-CD.png Graphic file (type png)
<use images/Dispersión-Neto-1G-CD.png>
Package pdftex.def Info: images/Dispersión-Neto-1G-CD.png  used on input line 
4186.
(pdftex.def)             Requested size: 250.24199pt x 250.23601pt.
<images/Dispersión-Neto-2G-CD.png, id=457, 481.8pt x 481.8pt>
File: images/Dispersión-Neto-2G-CD.png Graphic file (type png)
<use images/Dispersión-Neto-2G-CD.png>
Package pdftex.def Info: images/Dispersión-Neto-2G-CD.png  used on input line 
4187.
(pdftex.def)             Requested size: 250.24199pt x 250.23601pt.

Overfull \hbox (2.61107pt too wide) in paragraph at lines 4186--4188
[][] [] 
 []

<images/Dispersión-Neto-5G-CD.png, id=458, 481.8pt x 481.8pt>
File: images/Dispersión-Neto-5G-CD.png Graphic file (type png)
<use images/Dispersión-Neto-5G-CD.png>
Package pdftex.def Info: images/Dispersión-Neto-5G-CD.png  used on input line 
4193.
(pdftex.def)             Requested size: 250.24199pt x 250.23601pt.
<images/Dispersión-Neto-10G-CD.png, id=459, 481.8pt x 481.8pt>
File: images/Dispersión-Neto-10G-CD.png Graphic file (type png)
<use images/Dispersión-Neto-10G-CD.png>
Package pdftex.def Info: images/Dispersión-Neto-10G-CD.png  used on input line
 4194.
(pdftex.def)             Requested size: 250.24199pt x 250.23601pt.

Overfull \hbox (2.61107pt too wide) in paragraph at lines 4193--4195
[][] [] 
 []

[100

 <./images/Dispersión-Neto-1G-CD.png (PNG copy)> <./images/Dispersión-Neto-2G
-CD.png (PNG copy)>]
<images/Dispersión-Neto-20G-CD.png, id=463, 481.8pt x 481.8pt>
File: images/Dispersión-Neto-20G-CD.png Graphic file (type png)
<use images/Dispersión-Neto-20G-CD.png>
Package pdftex.def Info: images/Dispersión-Neto-20G-CD.png  used on input line
 4200.
(pdftex.def)             Requested size: 250.24199pt x 250.23601pt.
<images/Dispersión-Neto-50G-CD.png, id=464, 481.8pt x 481.8pt>
File: images/Dispersión-Neto-50G-CD.png Graphic file (type png)
<use images/Dispersión-Neto-50G-CD.png>
Package pdftex.def Info: images/Dispersión-Neto-50G-CD.png  used on input line
 4201.
(pdftex.def)             Requested size: 250.24199pt x 250.23601pt.

Overfull \hbox (2.61107pt too wide) in paragraph at lines 4200--4202
[][] [] 
 []

<images/Dispersión-Worker1-1G-CD.png, id=465, 481.8pt x 481.8pt>
File: images/Dispersión-Worker1-1G-CD.png Graphic file (type png)
<use images/Dispersión-Worker1-1G-CD.png>
Package pdftex.def Info: images/Dispersión-Worker1-1G-CD.png  used on input li
ne 4212.
(pdftex.def)             Requested size: 250.24199pt x 250.23601pt.
<images/Dispersión-Worker1-2G-CD.png, id=466, 481.8pt x 481.8pt>
File: images/Dispersión-Worker1-2G-CD.png Graphic file (type png)
<use images/Dispersión-Worker1-2G-CD.png>
Package pdftex.def Info: images/Dispersión-Worker1-2G-CD.png  used on input li
ne 4213.
(pdftex.def)             Requested size: 250.24199pt x 250.23601pt.

Overfull \hbox (2.61107pt too wide) in paragraph at lines 4212--4215
[][] [] 
 []

[101 <./images/Dispersión-Neto-5G-CD.png (PNG copy)> <./images/Dispersión-Net
o-10G-CD.png (PNG copy)> <./images/Dispersión-Neto-20G-CD.png (PNG copy)> <./i
mages/Dispersión-Neto-50G-CD.png (PNG copy)>]
<images/Dispersión-Worker1-5G-CD.png, id=470, 481.8pt x 481.8pt>
File: images/Dispersión-Worker1-5G-CD.png Graphic file (type png)
<use images/Dispersión-Worker1-5G-CD.png>
Package pdftex.def Info: images/Dispersión-Worker1-5G-CD.png  used on input li
ne 4220.
(pdftex.def)             Requested size: 250.24199pt x 250.23601pt.
<images/Dispersión-Worker1-10G-CD.png, id=471, 481.8pt x 481.8pt>
File: images/Dispersión-Worker1-10G-CD.png Graphic file (type png)
<use images/Dispersión-Worker1-10G-CD.png>
Package pdftex.def Info: images/Dispersión-Worker1-10G-CD.png  used on input l
ine 4221.
(pdftex.def)             Requested size: 250.24199pt x 250.23601pt.

Overfull \hbox (2.61107pt too wide) in paragraph at lines 4220--4223
[][] [] 
 []

<images/Dispersión-Worker1-20G-CD.png, id=472, 481.8pt x 481.8pt>
File: images/Dispersión-Worker1-20G-CD.png Graphic file (type png)
<use images/Dispersión-Worker1-20G-CD.png>
Package pdftex.def Info: images/Dispersión-Worker1-20G-CD.png  used on input l
ine 4228.
(pdftex.def)             Requested size: 250.24199pt x 250.23601pt.
<images/Dispersión-Worker1-50G-CD.png, id=473, 481.8pt x 481.8pt>
File: images/Dispersión-Worker1-50G-CD.png Graphic file (type png)
<use images/Dispersión-Worker1-50G-CD.png>
Package pdftex.def Info: images/Dispersión-Worker1-50G-CD.png  used on input l
ine 4229.
(pdftex.def)             Requested size: 250.24199pt x 250.23601pt.

Overfull \hbox (2.61107pt too wide) in paragraph at lines 4228--4231
[][] [] 
 []

[102 <./images/Dispersión-Worker1-1G-CD.png (PNG copy)> <./images/Dispersión-
Worker1-2G-CD.png (PNG copy)> <./images/Dispersión-Worker1-5G-CD.png (PNG copy
)> <./images/Dispersión-Worker1-10G-CD.png (PNG copy)>]
<images/Dispersión-Worker2-1G-CD.png, id=478, 481.8pt x 481.8pt>
File: images/Dispersión-Worker2-1G-CD.png Graphic file (type png)
<use images/Dispersión-Worker2-1G-CD.png>
Package pdftex.def Info: images/Dispersión-Worker2-1G-CD.png  used on input li
ne 4241.
(pdftex.def)             Requested size: 250.24199pt x 250.23601pt.
<images/Dispersión-Worker2-2G-CD.png, id=479, 481.8pt x 481.8pt>
File: images/Dispersión-Worker2-2G-CD.png Graphic file (type png)
<use images/Dispersión-Worker2-2G-CD.png>
Package pdftex.def Info: images/Dispersión-Worker2-2G-CD.png  used on input li
ne 4242.
(pdftex.def)             Requested size: 250.24199pt x 250.23601pt.

Overfull \hbox (2.61107pt too wide) in paragraph at lines 4241--4244
[][] [] 
 []

<images/Dispersión-Worker2-5G-CD.png, id=480, 481.8pt x 481.8pt>
File: images/Dispersión-Worker2-5G-CD.png Graphic file (type png)
<use images/Dispersión-Worker2-5G-CD.png>
Package pdftex.def Info: images/Dispersión-Worker2-5G-CD.png  used on input li
ne 4249.
(pdftex.def)             Requested size: 250.24199pt x 250.23601pt.
<images/Dispersión-Worker2-10G-CD.png, id=481, 481.8pt x 481.8pt>
File: images/Dispersión-Worker2-10G-CD.png Graphic file (type png)
<use images/Dispersión-Worker2-10G-CD.png>
Package pdftex.def Info: images/Dispersión-Worker2-10G-CD.png  used on input l
ine 4250.
(pdftex.def)             Requested size: 250.24199pt x 250.23601pt.

Overfull \hbox (2.61107pt too wide) in paragraph at lines 4249--4252
[][] [] 
 []

[103 <./images/Dispersión-Worker1-20G-CD.png (PNG copy)> <./images/Dispersión
-Worker1-50G-CD.png (PNG copy)> <./images/Dispersión-Worker2-1G-CD.png (PNG co
py)> <./images/Dispersión-Worker2-2G-CD.png (PNG copy)>]
<images/Dispersión-Worker2-20G-CD.png, id=485, 481.8pt x 481.8pt>
File: images/Dispersión-Worker2-20G-CD.png Graphic file (type png)
<use images/Dispersión-Worker2-20G-CD.png>
Package pdftex.def Info: images/Dispersión-Worker2-20G-CD.png  used on input l
ine 4257.
(pdftex.def)             Requested size: 250.24199pt x 250.23601pt.
<images/Dispersión-Worker2-50G-CD.png, id=486, 481.8pt x 481.8pt>
File: images/Dispersión-Worker2-50G-CD.png Graphic file (type png)
<use images/Dispersión-Worker2-50G-CD.png>
Package pdftex.def Info: images/Dispersión-Worker2-50G-CD.png  used on input l
ine 4258.
(pdftex.def)             Requested size: 250.24199pt x 250.23601pt.

Overfull \hbox (2.61107pt too wide) in paragraph at lines 4257--4260
[][] [] 
 []

<images/Dispersión-Coordinador-1G-CD.png, id=487, 481.8pt x 481.8pt>
File: images/Dispersión-Coordinador-1G-CD.png Graphic file (type png)
<use images/Dispersión-Coordinador-1G-CD.png>
Package pdftex.def Info: images/Dispersión-Coordinador-1G-CD.png  used on inpu
t line 4270.
(pdftex.def)             Requested size: 250.24199pt x 250.23601pt.
<images/Dispersión-Coordinador-2G-CD.png, id=488, 481.8pt x 481.8pt>
File: images/Dispersión-Coordinador-2G-CD.png Graphic file (type png)
<use images/Dispersión-Coordinador-2G-CD.png>
Package pdftex.def Info: images/Dispersión-Coordinador-2G-CD.png  used on inpu
t line 4271.
(pdftex.def)             Requested size: 250.24199pt x 250.23601pt.

Overfull \hbox (2.61107pt too wide) in paragraph at lines 4270--4273
[][] [] 
 []

[104 <./images/Dispersión-Worker2-5G-CD.png (PNG copy)> <./images/Dispersión-
Worker2-10G-CD.png (PNG copy)> <./images/Dispersión-Worker2-20G-CD.png (PNG co
py)> <./images/Dispersión-Worker2-50G-CD.png (PNG copy)>]
<images/Dispersión-Coordinador-5G-CD.png, id=492, 481.8pt x 481.8pt>
File: images/Dispersión-Coordinador-5G-CD.png Graphic file (type png)
<use images/Dispersión-Coordinador-5G-CD.png>
Package pdftex.def Info: images/Dispersión-Coordinador-5G-CD.png  used on inpu
t line 4278.
(pdftex.def)             Requested size: 250.24199pt x 250.23601pt.
<images/Dispersión-Coordinador-10G-CD.png, id=493, 481.8pt x 481.8pt>
File: images/Dispersión-Coordinador-10G-CD.png Graphic file (type png)
<use images/Dispersión-Coordinador-10G-CD.png>
Package pdftex.def Info: images/Dispersión-Coordinador-10G-CD.png  used on inp
ut line 4279.
(pdftex.def)             Requested size: 250.24199pt x 250.23601pt.

Overfull \hbox (2.61107pt too wide) in paragraph at lines 4278--4281
[][] [] 
 []

<images/Dispersión-Coordinador-20G-CD.png, id=494, 481.8pt x 481.8pt>
File: images/Dispersión-Coordinador-20G-CD.png Graphic file (type png)
<use images/Dispersión-Coordinador-20G-CD.png>
Package pdftex.def Info: images/Dispersión-Coordinador-20G-CD.png  used on inp
ut line 4286.
(pdftex.def)             Requested size: 250.24199pt x 250.23601pt.
<images/Dispersión-Coordinador-50G-CD.png, id=495, 481.8pt x 481.8pt>
File: images/Dispersión-Coordinador-50G-CD.png Graphic file (type png)
<use images/Dispersión-Coordinador-50G-CD.png>
Package pdftex.def Info: images/Dispersión-Coordinador-50G-CD.png  used on inp
ut line 4287.
(pdftex.def)             Requested size: 250.24199pt x 250.23601pt.

Overfull \hbox (2.61107pt too wide) in paragraph at lines 4286--4289
[][] [] 
 []

[105 <./images/Dispersión-Coordinador-1G-CD.png (PNG copy)> <./images/Dispersi
ón-Coordinador-2G-CD.png (PNG copy)> <./images/Dispersión-Coordinador-5G-CD.p
ng (PNG copy)> <./images/Dispersión-Coordinador-10G-CD.png (PNG copy)>]
[106 <./images/Dispersión-Coordinador-20G-CD.png (PNG copy)> <./images/Dispers
ión-Coordinador-50G-CD.png (PNG copy)>] (./Tesis.aux
LaTeX Info: Redefining \. on input line 9.
LaTeX Info: Redefining \% on input line 9.
)
 ***********
LaTeX2e <2023-11-01> patch level 1
L3 programming layer <2024-01-22>
 ***********


LaTeX Font Warning: Some font shapes were not available, defaults substituted.

 ) 
Here is how much of TeX's memory you used:
 26081 strings out of 474222
 540184 string characters out of 5748732
 2129975 words of memory out of 5000000
 47884 multiletter control sequences out of 15000+600000
 573457 words of font info for 97 fonts, out of 8000000 for 9000
 1141 hyphenation exceptions out of 8191
 84i,18n,93p,447b,1723s stack positions out of 10000i,1000n,20000p,200000b,200000s
</usr/share/texlive/texmf-dist/fonts/type1/public/amsfonts/cm/cmbx12.pfb></us
r/share/texlive/texmf-dist/fonts/type1/public/amsfonts/cm/cmbxti10.pfb></usr/sh
are/texlive/texmf-dist/fonts/type1/public/amsfonts/cm/cmex10.pfb></usr/share/te
xlive/texmf-dist/fonts/type1/public/amsfonts/cm/cmmi10.pfb></usr/share/texlive/
texmf-dist/fonts/type1/public/amsfonts/cm/cmmi12.pfb></usr/share/texlive/texmf-
dist/fonts/type1/public/amsfonts/cm/cmmi6.pfb></usr/share/texlive/texmf-dist/fo
nts/type1/public/amsfonts/cm/cmmi8.pfb></usr/share/texlive/texmf-dist/fonts/typ
e1/public/amsfonts/cm/cmr10.pfb></usr/share/texlive/texmf-dist/fonts/type1/publ
ic/amsfonts/cm/cmr12.pfb></usr/share/texlive/texmf-dist/fonts/type1/public/amsf
onts/cm/cmr17.pfb></usr/share/texlive/texmf-dist/fonts/type1/public/amsfonts/cm
/cmr6.pfb></usr/share/texlive/texmf-dist/fonts/type1/public/amsfonts/cm/cmr7.pf
b></usr/share/texlive/texmf-dist/fonts/type1/public/amsfonts/cm/cmr8.pfb></usr/
share/texlive/texmf-dist/fonts/type1/public/amsfonts/cm/cmsy10.pfb></usr/share/
texlive/texmf-dist/fonts/type1/public/amsfonts/cm/cmsy6.pfb></usr/share/texlive
/texmf-dist/fonts/type1/public/amsfonts/cm/cmsy8.pfb></usr/share/texlive/texmf-
dist/fonts/type1/public/amsfonts/cm/cmti12.pfb></usr/share/texlive/texmf-dist/f
onts/type1/public/amsfonts/cm/cmtt10.pfb></usr/share/texlive/texmf-dist/fonts/t
ype1/public/amsfonts/cm/cmtt12.pfb></usr/share/texlive/texmf-dist/fonts/type1/p
ublic/amsfonts/cm/cmtt8.pfb></usr/share/texmf/fonts/type1/wadalab/JIS/dmjhira.p
fb></usr/share/texmf/fonts/type1/wadalab/JIS/dmjsy.pfb></usr/share/texlive/texm
f-dist/fonts/type1/public/amsfonts/latxfont/lasy10.pfb></usr/share/texlive/texm
f-dist/fonts/type1/public/amsfonts/symbols/msbm10.pfb></usr/share/texmf/fonts/t
ype1/public/cm-super/sfrm1200.pfb></usr/share/texmf/fonts/type1/public/cm-super
/sfti1200.pfb></usr/share/texmf/fonts/type1/public/cm-super/sftt1000.pfb></usr/
share/texmf/fonts/type1/public/cm-super/sftt1200.pfb>
Output written on Tesis.pdf (107 pages, 5736087 bytes).
PDF statistics:
 622 PDF objects out of 1000 (max. 8388607)
 326 compressed objects within 4 object streams
 0 named destinations out of 1000 (max. 500000)
 532 words of extra memory for PDF output out of 10000 (max. 10000000)

